
Optional file libmchp_peripheral.a not found

Optional file libmchp_peripheral_32MX320F128H.a not found
Archive member included to satisfy reference by file (symbol)

c:/program files/microchip/xc32/v3.01/bin/bin/../../lib/gcc/pic32mx/8.3.1\libgcc.a(floatunsisf.o)
                              build/default/production/_ext/1358603075/AD.o (__floatunsisf)
c:/program files/microchip/xc32/v3.01/bin/bin/../../lib/gcc/pic32mx/8.3.1/../../../../pic32mx/lib\libpic32.a(default-bootstrap-exception-handler.o)
                              C:\Users\eadra\AppData\Local\Temp\ccD4jh0C.o (_bootstrap_exception_handler)
c:/program files/microchip/xc32/v3.01/bin/bin/../../lib/gcc/pic32mx/8.3.1/../../../../pic32mx/lib\libpic32.a(default-on-reset.o)
                              C:\Users\eadra\AppData\Local\Temp\ccD4jh0C.o (_on_reset)
c:/program files/microchip/xc32/v3.01/bin/bin/../../lib/gcc/pic32mx/8.3.1/../../../../pic32mx/lib\libpic32.a(default-on-bootstrap.o)
                              C:\Users\eadra\AppData\Local\Temp\ccD4jh0C.o (_on_bootstrap)
c:/program files/microchip/xc32/v3.01/bin/bin/../../lib/gcc/pic32mx/8.3.1/../../../../pic32mx/lib\libpic32.a(default-nmi-handler.o)
                              C:\Users\eadra\AppData\Local\Temp\ccD4jh0C.o (_nmi_handler)
c:/program files/microchip/xc32/v3.01/bin/bin/../../lib/gcc/pic32mx/8.3.1/../../../../pic32mx/lib\libpic32.a(pic32_data_init.o)
                              C:\Users\eadra\AppData\Local\Temp\ccD4jh0C.o (__pic32_data_init)
c:/program files/microchip/xc32/v3.01/bin/bin/../../lib/gcc/pic32mx/8.3.1/../../../../pic32mx/lib\libpic32.a(general-exception.o)
                              C:\Users\eadra\AppData\Local\Temp\ccD4jh0C.o (_general_exception_context)
c:/program files/microchip/xc32/v3.01/bin/bin/../../lib/gcc/pic32mx/8.3.1/../../../../pic32mx/lib\libpic32.a(vector0.o)
                              C:\Users\eadra\AppData\Local\Temp\ccp6QKz0.o (__vector_dispatch_0)
c:/program files/microchip/xc32/v3.01/bin/bin/../../lib/gcc/pic32mx/8.3.1/../../../../pic32mx/lib\libpic32.a(vector1.o)
                              C:\Users\eadra\AppData\Local\Temp\ccp6QKz0.o (__vector_dispatch_1)
c:/program files/microchip/xc32/v3.01/bin/bin/../../lib/gcc/pic32mx/8.3.1/../../../../pic32mx/lib\libpic32.a(vector2.o)
                              C:\Users\eadra\AppData\Local\Temp\ccp6QKz0.o (__vector_dispatch_2)
c:/program files/microchip/xc32/v3.01/bin/bin/../../lib/gcc/pic32mx/8.3.1/../../../../pic32mx/lib\libpic32.a(vector3.o)
                              C:\Users\eadra\AppData\Local\Temp\ccp6QKz0.o (__vector_dispatch_3)
c:/program files/microchip/xc32/v3.01/bin/bin/../../lib/gcc/pic32mx/8.3.1/../../../../pic32mx/lib\libpic32.a(vector5.o)
                              C:\Users\eadra\AppData\Local\Temp\ccp6QKz0.o (__vector_dispatch_5)
c:/program files/microchip/xc32/v3.01/bin/bin/../../lib/gcc/pic32mx/8.3.1/../../../../pic32mx/lib\libpic32.a(vector6.o)
                              C:\Users\eadra\AppData\Local\Temp\ccp6QKz0.o (__vector_dispatch_6)
c:/program files/microchip/xc32/v3.01/bin/bin/../../lib/gcc/pic32mx/8.3.1/../../../../pic32mx/lib\libpic32.a(vector7.o)
                              C:\Users\eadra\AppData\Local\Temp\ccp6QKz0.o (__vector_dispatch_7)
c:/program files/microchip/xc32/v3.01/bin/bin/../../lib/gcc/pic32mx/8.3.1/../../../../pic32mx/lib\libpic32.a(vector8.o)
                              C:\Users\eadra\AppData\Local\Temp\ccp6QKz0.o (__vector_dispatch_8)
c:/program files/microchip/xc32/v3.01/bin/bin/../../lib/gcc/pic32mx/8.3.1/../../../../pic32mx/lib\libpic32.a(vector9.o)
                              C:\Users\eadra\AppData\Local\Temp\ccp6QKz0.o (__vector_dispatch_9)
c:/program files/microchip/xc32/v3.01/bin/bin/../../lib/gcc/pic32mx/8.3.1/../../../../pic32mx/lib\libpic32.a(vector10.o)
                              C:\Users\eadra\AppData\Local\Temp\ccp6QKz0.o (__vector_dispatch_10)
c:/program files/microchip/xc32/v3.01/bin/bin/../../lib/gcc/pic32mx/8.3.1/../../../../pic32mx/lib\libpic32.a(vector11.o)
                              C:\Users\eadra\AppData\Local\Temp\ccp6QKz0.o (__vector_dispatch_11)
c:/program files/microchip/xc32/v3.01/bin/bin/../../lib/gcc/pic32mx/8.3.1/../../../../pic32mx/lib\libpic32.a(vector12.o)
                              C:\Users\eadra\AppData\Local\Temp\ccp6QKz0.o (__vector_dispatch_12)
c:/program files/microchip/xc32/v3.01/bin/bin/../../lib/gcc/pic32mx/8.3.1/../../../../pic32mx/lib\libpic32.a(vector13.o)
                              C:\Users\eadra\AppData\Local\Temp\ccp6QKz0.o (__vector_dispatch_13)
c:/program files/microchip/xc32/v3.01/bin/bin/../../lib/gcc/pic32mx/8.3.1/../../../../pic32mx/lib\libpic32.a(vector14.o)
                              C:\Users\eadra\AppData\Local\Temp\ccp6QKz0.o (__vector_dispatch_14)
c:/program files/microchip/xc32/v3.01/bin/bin/../../lib/gcc/pic32mx/8.3.1/../../../../pic32mx/lib\libpic32.a(vector15.o)
                              C:\Users\eadra\AppData\Local\Temp\ccp6QKz0.o (__vector_dispatch_15)
[...]
Memory Configuration

Name             Origin             Length             Attributes
kseg0_program_mem 0x000000009d002000 0x000000000001d000 xr
kseg0_boot_mem   0x000000009d000490 0x0000000000000970
exception_mem    0x000000009d001000 0x0000000000001000
kseg1_boot_mem   0x00000000bd000000 0x0000000000000490
debug_exec_mem   0x00000000bfc02000 0x0000000000000ff0
config3          0x00000000bfc02ff0 0x0000000000000004
config2          0x00000000bfc02ff4 0x0000000000000004
config1          0x00000000bfc02ff8 0x0000000000000004
config0          0x00000000bfc02ffc 0x0000000000000004
kseg1_data_mem   0x00000000a0000000 0x0000000000004000 w !x
sfrs             0x00000000bf800000 0x0000000000100000
configsfrs       0x00000000bfc02ff0 0x0000000000000010
*default*        0x0000000000000000 0xffffffffffffffff

Linker script and memory map

LOAD c:/program files/microchip/xc32/v3.01/bin/bin/../../lib/gcc/pic32mx/8.3.1/../../../../pic32mx/lib\debug-exception-return.o
LOAD build/default/production/_ext/1358603075/AD.o
LOAD build/default/production/_ext/1358603075/BOARD.o
LOAD build/default/production/_ext/1358603075/ES_CheckEvents.o
LOAD build/default/production/_ext/1358603075/ES_Framework.o
LOAD build/default/production/_ext/1358603075/ES_KeyboardInput.o
LOAD build/default/production/_ext/1358603075/ES_PostList.o
LOAD build/default/production/_ext/1358603075/ES_Queue.o
LOAD build/default/production/_ext/1358603075/ES_TattleTale.o
LOAD build/default/production/_ext/1358603075/ES_Timers.o
LOAD build/default/production/_ext/1358603075/IO_Ports.o
LOAD build/default/production/_ext/1358603075/LED.o
LOAD build/default/production/_ext/1358603075/RC_Servo.o
LOAD build/default/production/_ext/1358603075/pwm.o
LOAD build/default/production/_ext/1358603075/roach.o
LOAD build/default/production/_ext/1358603075/serial.o
LOAD build/default/production/_ext/1358603075/timers.o
LOAD build/default/production/_ext/2036589742/TemplateEventChecker.o
LOAD build/default/production/_ext/2036589742/TemplateFSM.o
LOAD build/default/production/_ext/2036589742/TemplateService.o
LOAD build/default/production/_ext/2036589742/TemplateSubHSM.o
LOAD build/default/production/_ext/2036589742/FindGoalieSub.o
LOAD build/default/production/_ext/1358603075/EventChecker.o
LOAD build/default/production/_ext/1358603075/MotorDriver.o
LOAD build/default/production/_ext/2036589742/HitSub.o
LOAD build/default/production/_ext/1358603075/FlywheelDriver.o
LOAD build/default/production/_ext/1358603075/ShootSub.o
LOAD build/default/production/_ext/1358603075/HSM.o
LOAD build/default/production/_ext/2036589742/ES_Main.o
LOAD build/default/production/_ext/1358603075/AimSub.o
LOAD build/default/production/_ext/1358603075/GoHomeSub.o
                0x0000000000000001                __MPLAB_BUILD = 0x1
                0x0000000000000400                PROVIDE (_min_stack_size = 0x400)
START GROUP
LOAD libmchp_peripheral.a
END GROUP
START GROUP
LOAD libmchp_peripheral_32MX320F128H.a
END GROUP
                0x0000000000000001                PROVIDE (_vector_spacing = 0x1)
                0x000000009d001000                _ebase_address = 0x9d001000
                0x00000000bd000000                _RESET_ADDR = 0xbd000000
                0x00000000bd000380                _BEV_EXCPT_ADDR = 0xbd000380
                0x00000000bd000480                _DBG_EXCPT_ADDR = 0xbd000480
                0x00000000bfc02000                _DBG_CODE_ADDR = 0xbfc02000
                0x0000000000000ff0                _DBG_CODE_SIZE = 0xff0
                0x000000009d001180                _GEN_EXCPT_ADDR = (_ebase_address + 0x180)

.config_BFC02FF0
 *(.config_BFC02FF0)

.config_BFC02FF4
 *(.config_BFC02FF4)

.config_BFC02FF8
 *(.config_BFC02FF8)

.config_BFC02FFC
 *(.config_BFC02FFC)
                [!provide]                        PROVIDE (_DBG_CODE_ADDR = 0xbfc02000)
                [!provide]                        PROVIDE (_DBG_CODE_SIZE = 0xff0)

.reset          0x00000000bd000000      0x19c
 *(.reset)
 .reset         0x00000000bd000000        0x8 C:\Users\eadra\AppData\Local\Temp\ccD4jh0C.o
                0x00000000bd000000                _reset
 *(.reset.startup)
 .reset.startup
                0x00000000bd000008      0x194 C:\Users\eadra\AppData\Local\Temp\ccD4jh0C.o
                0x00000000bd000008                _startup

.bev_excpt      0x00000000bd000380       0x10
 *(.bev_handler)
 .bev_handler   0x00000000bd000380       0x10 C:\Users\eadra\AppData\Local\Temp\ccD4jh0C.o

.dbg_excpt      0x00000000bd000480        0x0
                0x00000000bd000480                . = (. + DEFINED (_DEBUGGER)?0x8:0x0)

.dbg_code       0x00000000bfc02000        0x0
                0x00000000bfc02000                . = (. + DEFINED (_DEBUGGER)?_DBG_CODE_SIZE:0x0)

.app_excpt      0x000000009d001180       0x10
 *(.gen_handler)
 .gen_handler   0x000000009d001180       0x10 C:\Users\eadra\AppData\Local\Temp\ccD4jh0C.o

.vector_0       0x000000009d001200        0x8
 *(.vector_0)
 .vector_0      0x000000009d001200        0x8 c:/program files/microchip/xc32/v3.01/bin/bin/../../lib/gcc/pic32mx/8.3.1/../../../../pic32mx/lib\libpic32.a(vector0.o)
                0x000000009d001200                __vector_dispatch_0
                0x0000000000000001                ASSERT (((_vector_spacing == 0x0) || (SIZEOF (.vector_0) <= (_vector_spacing << 0x5))), function at exception vector 0 too large)

.vector_1       0x000000009d001220        0x8
 *(.vector_1)
 .vector_1      0x000000009d001220        0x8 c:/program files/microchip/xc32/v3.01/bin/bin/../../lib/gcc/pic32mx/8.3.1/../../../../pic32mx/lib\libpic32.a(vector1.o)
                0x000000009d001220                __vector_dispatch_1
                0x0000000000000001                ASSERT (((_vector_spacing == 0x0) || (SIZEOF (.vector_1) <= (_vector_spacing << 0x5))), function at exception vector 1 too large)

.vector_2       0x000000009d001240        0x8
 *(.vector_2)
 .vector_2      0x000000009d001240        0x8 c:/program files/microchip/xc32/v3.01/bin/bin/../../lib/gcc/pic32mx/8.3.1/../../../../pic32mx/lib\libpic32.a(vector2.o)
                0x000000009d001240                __vector_dispatch_2
                0x0000000000000001                ASSERT (((_vector_spacing == 0x0) || (SIZEOF (.vector_2) <= (_vector_spacing << 0x5))), function at exception vector 2 too large)

.vector_3       0x000000009d001260        0x8
 *(.vector_3)
 .vector_3      0x000000009d001260        0x8 c:/program files/microchip/xc32/v3.01/bin/bin/../../lib/gcc/pic32mx/8.3.1/../../../../pic32mx/lib\libpic32.a(vector3.o)
                0x000000009d001260                __vector_dispatch_3
                0x0000000000000001                ASSERT (((_vector_spacing == 0x0) || (SIZEOF (.vector_3) <= (_vector_spacing << 0x5))), function at exception vector 3 too large)

.vector_4       0x000000009d001280        0x8
 *(.vector_4)
 .vector_4      0x000000009d001280        0x8 build/default/production/_ext/1358603075/ES_Timers.o
                0x000000009d001280                __vector_dispatch_4
                0x0000000000000001                ASSERT (((_vector_spacing == 0x0) || (SIZEOF (.vector_4) <= (_vector_spacing << 0x5))), function at exception vector 4 too large)

.vector_5       0x000000009d0012a0        0x8
 *(.vector_5)
 .vector_5      0x000000009d0012a0        0x8 c:/program files/microchip/xc32/v3.01/bin/bin/../../lib/gcc/pic32mx/8.3.1/../../../../pic32mx/lib\libpic32.a(vector5.o)
                0x000000009d0012a0                __vector_dispatch_5
                0x0000000000000001                ASSERT (((_vector_spacing == 0x0) || (SIZEOF (.vector_5) <= (_vector_spacing << 0x5))), function at exception vector 5 too large)

.vector_6       0x000000009d0012c0        0x8
 *(.vector_6)
 .vector_6      0x000000009d0012c0        0x8 c:/program files/microchip/xc32/v3.01/bin/bin/../../lib/gcc/pic32mx/8.3.1/../../../../pic32mx/lib\libpic32.a(vector6.o)
                0x000000009d0012c0                __vector_dispatch_6
                0x0000000000000001                ASSERT (((_vector_spacing == 0x0) || (SIZEOF (.vector_6) <= (_vector_spacing << 0x5))), function at exception vector 6 too large)

.vector_7       0x000000009d0012e0        0x8
 *(.vector_7)
 .vector_7      0x000000009d0012e0        0x8 c:/program files/microchip/xc32/v3.01/bin/bin/../../lib/gcc/pic32mx/8.3.1/../../../../pic32mx/lib\libpic32.a(vector7.o)
                0x000000009d0012e0                __vector_dispatch_7
                0x0000000000000001                ASSERT (((_vector_spacing == 0x0) || (SIZEOF (.vector_7) <= (_vector_spacing << 0x5))), function at exception vector 7 too large)

.vector_8       0x000000009d001300        0x8
 *(.vector_8)
 .vector_8      0x000000009d001300        0x8 c:/program files/microchip/xc32/v3.01/bin/bin/../../lib/gcc/pic32mx/8.3.1/../../../../pic32mx/lib\libpic32.a(vector8.o)
                0x000000009d001300                __vector_dispatch_8
                0x0000000000000001                ASSERT (((_vector_spacing == 0x0) || (SIZEOF (.vector_8) <= (_vector_spacing << 0x5))), function at exception vector 8 too large)

.vector_9       0x000000009d001320        0x8
 *(.vector_9)
 .vector_9      0x000000009d001320        0x8 c:/program files/microchip/xc32/v3.01/bin/bin/../../lib/gcc/pic32mx/8.3.1/../../../../pic32mx/lib\libpic32.a(vector9.o)
                0x000000009d001320                __vector_dispatch_9
                0x0000000000000001                ASSERT (((_vector_spacing == 0x0) || (SIZEOF (.vector_9) <= (_vector_spacing << 0x5))), function at exception vector 9 too large)

.vector_10      0x000000009d001340        0x8
 *(.vector_10)
 .vector_10     0x000000009d001340        0x8 c:/program files/microchip/xc32/v3.01/bin/bin/../../lib/gcc/pic32mx/8.3.1/../../../../pic32mx/lib\libpic32.a(vector10.o)
                0x000000009d001340                __vector_dispatch_10
                0x0000000000000001                ASSERT (((_vector_spacing == 0x0) || (SIZEOF (.vector_10) <= (_vector_spacing << 0x5))), function at exception vector 10 too large)

.vector_11      0x000000009d001360        0x8
 *(.vector_11)
 .vector_11     0x000000009d001360        0x8 c:/program files/microchip/xc32/v3.01/bin/bin/../../lib/gcc/pic32mx/8.3.1/../../../../pic32mx/lib\libpic32.a(vector11.o)
                0x000000009d001360                __vector_dispatch_11
                0x0000000000000001                ASSERT (((_vector_spacing == 0x0) || (SIZEOF (.vector_11) <= (_vector_spacing << 0x5))), function at exception vector 11 too large)

.vector_12      0x000000009d001380        0x8
 *(.vector_12)
 .vector_12     0x000000009d001380        0x8 c:/program files/microchip/xc32/v3.01/bin/bin/../../lib/gcc/pic32mx/8.3.1/../../../../pic32mx/lib\libpic32.a(vector12.o)
                0x000000009d001380                __vector_dispatch_12
                0x0000000000000001                ASSERT (((_vector_spacing == 0x0) || (SIZEOF (.vector_12) <= (_vector_spacing << 0x5))), function at exception vector 12 too large)

.vector_13      0x000000009d0013a0        0x8
 *(.vector_13)
 .vector_13     0x000000009d0013a0        0x8 c:/program files/microchip/xc32/v3.01/bin/bin/../../lib/gcc/pic32mx/8.3.1/../../../../pic32mx/lib\libpic32.a(vector13.o)
                0x000000009d0013a0                __vector_dispatch_13
                0x0000000000000001                ASSERT (((_vector_spacing == 0x0) || (SIZEOF (.vector_13) <= (_vector_spacing << 0x5))), function at exception vector 13 too large)

.vector_14      0x000000009d0013c0        0x8
 *(.vector_14)
 .vector_14     0x000000009d0013c0        0x8 c:/program files/microchip/xc32/v3.01/bin/bin/../../lib/gcc/pic32mx/8.3.1/../../../../pic32mx/lib\libpic32.a(vector14.o)
                0x000000009d0013c0                __vector_dispatch_14
                0x0000000000000001                ASSERT (((_vector_spacing == 0x0) || (SIZEOF (.vector_14) <= (_vector_spacing << 0x5))), function at exception vector 14 too large)

.vector_15      0x000000009d0013e0        0x8
 *(.vector_15)
 .vector_15     0x000000009d0013e0        0x8 c:/program files/microchip/xc32/v3.01/bin/bin/../../lib/gcc/pic32mx/8.3.1/../../../../pic32mx/lib\libpic32.a(vector15.o)
                0x000000009d0013e0                __vector_dispatch_15
                0x0000000000000001                ASSERT (((_vector_spacing == 0x0) || (SIZEOF (.vector_15) <= (_vector_spacing << 0x5))), function at exception vector 15 too large)

.vector_16      0x000000009d001400        0x8
 *(.vector_16)
 .vector_16     0x000000009d001400        0x8 build/default/production/_ext/1358603075/RC_Servo.o
                0x000000009d001400                __vector_dispatch_16
                0x0000000000000001                ASSERT (((_vector_spacing == 0x0) || (SIZEOF (.vector_16) <= (_vector_spacing << 0x5))), function at exception vector 16 too large)

.vector_17      0x000000009d001420        0x8
 *(.vector_17)
 .vector_17     0x000000009d001420        0x8 c:/program files/microchip/xc32/v3.01/bin/bin/../../lib/gcc/pic32mx/8.3.1/../../../../pic32mx/lib\libpic32.a(vector17.o)
                0x000000009d001420                __vector_dispatch_17
                0x0000000000000001                ASSERT (((_vector_spacing == 0x0) || (SIZEOF (.vector_17) <= (_vector_spacing << 0x5))), function at exception vector 17 too large)

.vector_18      0x000000009d001440        0x8
 *(.vector_18)
 .vector_18     0x000000009d001440        0x8 c:/program files/microchip/xc32/v3.01/bin/bin/../../lib/gcc/pic32mx/8.3.1/../../../../pic32mx/lib\libpic32.a(vector18.o)
                0x000000009d001440                __vector_dispatch_18
                0x0000000000000001                ASSERT (((_vector_spacing == 0x0) || (SIZEOF (.vector_18) <= (_vector_spacing << 0x5))), function at exception vector 18 too large)

.vector_19      0x000000009d001460        0x8
 *(.vector_19)
 .vector_19     0x000000009d001460        0x8 c:/program files/microchip/xc32/v3.01/bin/bin/../../lib/gcc/pic32mx/8.3.1/../../../../pic32mx/lib\libpic32.a(vector19.o)
                0x000000009d001460                __vector_dispatch_19
                0x0000000000000001                ASSERT (((_vector_spacing == 0x0) || (SIZEOF (.vector_19) <= (_vector_spacing << 0x5))), function at exception vector 19 too large)

.vector_20      0x000000009d001480        0x8
 *(.vector_20)
 .vector_20     0x000000009d001480        0x8 build/default/production/_ext/1358603075/timers.o
                0x000000009d001480                __vector_dispatch_20
                0x0000000000000001                ASSERT (((_vector_spacing == 0x0) || (SIZEOF (.vector_20) <= (_vector_spacing << 0x5))), function at exception vector 20 too large)

.vector_21      0x000000009d0014a0        0x8
 *(.vector_21)
 .vector_21     0x000000009d0014a0        0x8 c:/program files/microchip/xc32/v3.01/bin/bin/../../lib/gcc/pic32mx/8.3.1/../../../../pic32mx/lib\libpic32.a(vector21.o)
                0x000000009d0014a0                __vector_dispatch_21
                0x0000000000000001                ASSERT (((_vector_spacing == 0x0) || (SIZEOF (.vector_21) <= (_vector_spacing << 0x5))), function at exception vector 21 too large)

.vector_22      0x000000009d0014c0        0x8
 *(.vector_22)
 .vector_22     0x000000009d0014c0        0x8 c:/program files/microchip/xc32/v3.01/bin/bin/../../lib/gcc/pic32mx/8.3.1/../../../../pic32mx/lib\libpic32.a(vector22.o)
                0x000000009d0014c0                __vector_dispatch_22
                0x0000000000000001                ASSERT (((_vector_spacing == 0x0) || (SIZEOF (.vector_22) <= (_vector_spacing << 0x5))), function at exception vector 22 too large)

.vector_23      0x000000009d0014e0        0x8
 *(.vector_23)
 .vector_23     0x000000009d0014e0        0x8 c:/program files/microchip/xc32/v3.01/bin/bin/../../lib/gcc/pic32mx/8.3.1/../../../../pic32mx/lib\libpic32.a(vector23.o)
                0x000000009d0014e0                __vector_dispatch_23
                0x0000000000000001                ASSERT (((_vector_spacing == 0x0) || (SIZEOF (.vector_23) <= (_vector_spacing << 0x5))), function at exception vector 23 too large)

.vector_24      0x000000009d001500        0x8
 *(.vector_24)
 .vector_24     0x000000009d001500        0x8 build/default/production/_ext/1358603075/serial.o
                0x000000009d001500                __vector_dispatch_24
                0x0000000000000001                ASSERT (((_vector_spacing == 0x0) || (SIZEOF (.vector_24) <= (_vector_spacing << 0x5))), function at exception vector 24 too large)

.vector_25      0x000000009d001520        0x8
 *(.vector_25)
 .vector_25     0x000000009d001520        0x8 c:/program files/microchip/xc32/v3.01/bin/bin/../../lib/gcc/pic32mx/8.3.1/../../../../pic32mx/lib\libpic32.a(vector25.o)
                0x000000009d001520                __vector_dispatch_25
                0x0000000000000001                ASSERT (((_vector_spacing == 0x0) || (SIZEOF (.vector_25) <= (_vector_spacing << 0x5))), function at exception vector 25 too large)

.vector_26      0x000000009d001540        0x8
 *(.vector_26)
 .vector_26     0x000000009d001540        0x8 c:/program files/microchip/xc32/v3.01/bin/bin/../../lib/gcc/pic32mx/8.3.1/../../../../pic32mx/lib\libpic32.a(vector26.o)
                0x000000009d001540                __vector_dispatch_26
                0x0000000000000001                ASSERT (((_vector_spacing == 0x0) || (SIZEOF (.vector_26) <= (_vector_spacing << 0x5))), function at exception vector 26 too large)

.vector_27      0x000000009d001560        0x8
 *(.vector_27)
 .vector_27     0x000000009d001560        0x8 build/default/production/_ext/1358603075/AD.o
                0x000000009d001560                __vector_dispatch_27
                0x0000000000000001                ASSERT (((_vector_spacing == 0x0) || (SIZEOF (.vector_27) <= (_vector_spacing << 0x5))), function at exception vector 27 too large)

.vector_28      0x000000009d001580        0x8
 *(.vector_28)
 .vector_28     0x000000009d001580        0x8 c:/program files/microchip/xc32/v3.01/bin/bin/../../lib/gcc/pic32mx/8.3.1/../../../../pic32mx/lib\libpic32.a(vector28.o)
                0x000000009d001580                __vector_dispatch_28
                0x0000000000000001                ASSERT (((_vector_spacing == 0x0) || (SIZEOF (.vector_28) <= (_vector_spacing << 0x5))), function at exception vector 28 too large)

.vector_29      0x000000009d0015a0        0x8
 *(.vector_29)
 .vector_29     0x000000009d0015a0        0x8 c:/program files/microchip/xc32/v3.01/bin/bin/../../lib/gcc/pic32mx/8.3.1/../../../../pic32mx/lib\libpic32.a(vector29.o)
                0x000000009d0015a0                __vector_dispatch_29
                0x0000000000000001                ASSERT (((_vector_spacing == 0x0) || (SIZEOF (.vector_29) <= (_vector_spacing << 0x5))), function at exception vector 29 too large)

.vector_30      0x000000009d0015c0        0x8
 *(.vector_30)
 .vector_30     0x000000009d0015c0        0x8 c:/program files/microchip/xc32/v3.01/bin/bin/../../lib/gcc/pic32mx/8.3.1/../../../../pic32mx/lib\libpic32.a(vector30.o)
                0x000000009d0015c0                __vector_dispatch_30
                0x0000000000000001                ASSERT (((_vector_spacing == 0x0) || (SIZEOF (.vector_30) <= (_vector_spacing << 0x5))), function at exception vector 30 too large)

.vector_31      0x000000009d0015e0        0x8
 *(.vector_31)
 .vector_31     0x000000009d0015e0        0x8 c:/program files/microchip/xc32/v3.01/bin/bin/../../lib/gcc/pic32mx/8.3.1/../../../../pic32mx/lib\libpic32.a(vector31.o)
                0x000000009d0015e0                __vector_dispatch_31
                0x0000000000000001                ASSERT (((_vector_spacing == 0x0) || (SIZEOF (.vector_31) <= (_vector_spacing << 0x5))), function at exception vector 31 too large)

.vector_32      0x000000009d001600        0x8
 *(.vector_32)
 .vector_32     0x000000009d001600        0x8 c:/program files/microchip/xc32/v3.01/bin/bin/../../lib/gcc/pic32mx/8.3.1/../../../../pic32mx/lib\libpic32.a(vector32.o)
                0x000000009d001600                __vector_dispatch_32
                0x0000000000000001                ASSERT (((_vector_spacing == 0x0) || (SIZEOF (.vector_32) <= (_vector_spacing << 0x5))), function at exception vector 32 too large)

.vector_33      0x000000009d001620        0x8
 *(.vector_33)
 .vector_33     0x000000009d001620        0x8 c:/program files/microchip/xc32/v3.01/bin/bin/../../lib/gcc/pic32mx/8.3.1/../../../../pic32mx/lib\libpic32.a(vector33.o)
                0x000000009d001620                __vector_dispatch_33
                0x0000000000000001                ASSERT (((_vector_spacing == 0x0) || (SIZEOF (.vector_33) <= (_vector_spacing << 0x5))), function at exception vector 33 too large)

.vector_34      0x000000009d001640        0x8
 *(.vector_34)
 .vector_34     0x000000009d001640        0x8 c:/program files/microchip/xc32/v3.01/bin/bin/../../lib/gcc/pic32mx/8.3.1/../../../../pic32mx/lib\libpic32.a(vector34.o)
                0x000000009d001640                __vector_dispatch_34
                0x0000000000000001                ASSERT (((_vector_spacing == 0x0) || (SIZEOF (.vector_34) <= (_vector_spacing << 0x5))), function at exception vector 34 too large)

.vector_35      0x000000009d001660        0x8
 *(.vector_35)
 .vector_35     0x000000009d001660        0x8 c:/program files/microchip/xc32/v3.01/bin/bin/../../lib/gcc/pic32mx/8.3.1/../../../../pic32mx/lib\libpic32.a(vector35.o)
                0x000000009d001660                __vector_dispatch_35
                0x0000000000000001                ASSERT (((_vector_spacing == 0x0) || (SIZEOF (.vector_35) <= (_vector_spacing << 0x5))), function at exception vector 35 too large)

.vector_36      0x000000009d001680        0x8
 *(.vector_36)
 .vector_36     0x000000009d001680        0x8 c:/program files/microchip/xc32/v3.01/bin/bin/../../lib/gcc/pic32mx/8.3.1/../../../../pic32mx/lib\libpic32.a(vector36.o)
                0x000000009d001680                __vector_dispatch_36
                0x0000000000000001                ASSERT (((_vector_spacing == 0x0) || (SIZEOF (.vector_36) <= (_vector_spacing << 0x5))), function at exception vector 36 too large)

.vector_37      0x000000009d0016a0        0x8
 *(.vector_37)
 .vector_37     0x000000009d0016a0        0x8 c:/program files/microchip/xc32/v3.01/bin/bin/../../lib/gcc/pic32mx/8.3.1/../../../../pic32mx/lib\libpic32.a(vector37.o)
                0x000000009d0016a0                __vector_dispatch_37
                0x0000000000000001                ASSERT (((_vector_spacing == 0x0) || (SIZEOF (.vector_37) <= (_vector_spacing << 0x5))), function at exception vector 37 too large)

.vector_38      0x000000009d0016c0        0x8
 *(.vector_38)
 .vector_38     0x000000009d0016c0        0x8 c:/program files/microchip/xc32/v3.01/bin/bin/../../lib/gcc/pic32mx/8.3.1/../../../../pic32mx/lib\libpic32.a(vector38.o)
                0x000000009d0016c0                __vector_dispatch_38
                0x0000000000000001                ASSERT (((_vector_spacing == 0x0) || (SIZEOF (.vector_38) <= (_vector_spacing << 0x5))), function at exception vector 38 too large)

.vector_39      0x000000009d0016e0        0x8
 *(.vector_39)
 .vector_39     0x000000009d0016e0        0x8 c:/program files/microchip/xc32/v3.01/bin/bin/../../lib/gcc/pic32mx/8.3.1/../../../../pic32mx/lib\libpic32.a(vector39.o)
                0x000000009d0016e0                __vector_dispatch_39
                0x0000000000000001                ASSERT (((_vector_spacing == 0x0) || (SIZEOF (.vector_39) <= (_vector_spacing << 0x5))), function at exception vector 39 too large)

.vector_40      0x000000009d001700        0x8
 *(.vector_40)
 .vector_40     0x000000009d001700        0x8 c:/program files/microchip/xc32/v3.01/bin/bin/../../lib/gcc/pic32mx/8.3.1/../../../../pic32mx/lib\libpic32.a(vector40.o)
                0x000000009d001700                __vector_dispatch_40
                0x0000000000000001                ASSERT (((_vector_spacing == 0x0) || (SIZEOF (.vector_40) <= (_vector_spacing << 0x5))), function at exception vector 40 too large)

.vector_41      0x000000009d001720        0x8
 *(.vector_41)
 .vector_41     0x000000009d001720        0x8 c:/program files/microchip/xc32/v3.01/bin/bin/../../lib/gcc/pic32mx/8.3.1/../../../../pic32mx/lib\libpic32.a(vector41.o)
                0x000000009d001720                __vector_dispatch_41
                0x0000000000000001                ASSERT (((_vector_spacing == 0x0) || (SIZEOF (.vector_41) <= (_vector_spacing << 0x5))), function at exception vector 41 too large)

.vector_42      0x000000009d001740        0x8
 *(.vector_42)
 .vector_42     0x000000009d001740        0x8 c:/program files/microchip/xc32/v3.01/bin/bin/../../lib/gcc/pic32mx/8.3.1/../../../../pic32mx/lib\libpic32.a(vector42.o)
                0x000000009d001740                __vector_dispatch_42
                0x0000000000000001                ASSERT (((_vector_spacing == 0x0) || (SIZEOF (.vector_42) <= (_vector_spacing << 0x5))), function at exception vector 42 too large)

.vector_43      0x000000009d001760        0x8
 *(.vector_43)
 .vector_43     0x000000009d001760        0x8 c:/program files/microchip/xc32/v3.01/bin/bin/../../lib/gcc/pic32mx/8.3.1/../../../../pic32mx/lib\libpic32.a(vector43.o)
                0x000000009d001760                __vector_dispatch_43
                0x0000000000000001                ASSERT (((_vector_spacing == 0x0) || (SIZEOF (.vector_43) <= (_vector_spacing << 0x5))), function at exception vector 43 too large)

.vector_44      0x000000009d001780        0x8
 *(.vector_44)
 .vector_44     0x000000009d001780        0x8 c:/program files/microchip/xc32/v3.01/bin/bin/../../lib/gcc/pic32mx/8.3.1/../../../../pic32mx/lib\libpic32.a(vector44.o)
                0x000000009d001780                __vector_dispatch_44
                0x0000000000000001                ASSERT (((_vector_spacing == 0x0) || (SIZEOF (.vector_44) <= (_vector_spacing << 0x5))), function at exception vector 44 too large)

.vector_45      0x000000009d0017a0        0x0
 *(.vector_45)
                0x0000000000000001                ASSERT (((_vector_spacing == 0x0) || (SIZEOF (.vector_45) <= (_vector_spacing << 0x5))), function at exception vector 45 too large)

.vector_46      0x000000009d0017c0        0x0
 *(.vector_46)
                0x0000000000000001                ASSERT (((_vector_spacing == 0x0) || (SIZEOF (.vector_46) <= (_vector_spacing << 0x5))), function at exception vector 46 too large)

.vector_47      0x000000009d0017e0        0x0
 *(.vector_47)
                0x0000000000000001                ASSERT (((_vector_spacing == 0x0) || (SIZEOF (.vector_47) <= (_vector_spacing << 0x5))), function at exception vector 47 too large)

.vector_48      0x000000009d001800        0x0
 *(.vector_48)
                0x0000000000000001                ASSERT (((_vector_spacing == 0x0) || (SIZEOF (.vector_48) <= (_vector_spacing << 0x5))), function at exception vector 48 too large)

.vector_49      0x000000009d001820        0x0
 *(.vector_49)
                0x0000000000000001                ASSERT (((_vector_spacing == 0x0) || (SIZEOF (.vector_49) <= (_vector_spacing << 0x5))), function at exception vector 49 too large)

.vector_50      0x000000009d001840        0x0
 *(.vector_50)
                0x0000000000000001                ASSERT (((_vector_spacing == 0x0) || (SIZEOF (.vector_50) <= (_vector_spacing << 0x5))), function at exception vector 50 too large)

.vector_51      0x000000009d001860        0x0
 *(.vector_51)
                0x0000000000000001                ASSERT (((_vector_spacing == 0x0) || (SIZEOF (.vector_51) <= (_vector_spacing << 0x5))), function at exception vector 51 too large)

.vector_52      0x000000009d001880        0x0
 *(.vector_52)
                0x0000000000000001                ASSERT (((_vector_spacing == 0x0) || (SIZEOF (.vector_52) <= (_vector_spacing << 0x5))), function at exception vector 52 too large)

.vector_53      0x000000009d0018a0        0x0
 *(.vector_53)
                0x0000000000000001                ASSERT (((_vector_spacing == 0x0) || (SIZEOF (.vector_53) <= (_vector_spacing << 0x5))), function at exception vector 53 too large)

.vector_54      0x000000009d0018c0        0x0
 *(.vector_54)
                0x0000000000000001                ASSERT (((_vector_spacing == 0x0) || (SIZEOF (.vector_54) <= (_vector_spacing << 0x5))), function at exception vector 54 too large)

.vector_55      0x000000009d0018e0        0x0
 *(.vector_55)
                0x0000000000000001                ASSERT (((_vector_spacing == 0x0) || (SIZEOF (.vector_55) <= (_vector_spacing << 0x5))), function at exception vector 55 too large)

.vector_56      0x000000009d001900        0x0
 *(.vector_56)
                0x0000000000000001                ASSERT (((_vector_spacing == 0x0) || (SIZEOF (.vector_56) <= (_vector_spacing << 0x5))), function at exception vector 56 too large)

.vector_57      0x000000009d001920        0x0
 *(.vector_57)
                0x0000000000000001                ASSERT (((_vector_spacing == 0x0) || (SIZEOF (.vector_57) <= (_vector_spacing << 0x5))), function at exception vector 57 too large)

.vector_58      0x000000009d001940        0x0
 *(.vector_58)
                0x0000000000000001                ASSERT (((_vector_spacing == 0x0) || (SIZEOF (.vector_58) <= (_vector_spacing << 0x5))), function at exception vector 58 too large)

.vector_59      0x000000009d001960        0x0
 *(.vector_59)
                0x0000000000000001                ASSERT (((_vector_spacing == 0x0) || (SIZEOF (.vector_59) <= (_vector_spacing << 0x5))), function at exception vector 59 too large)

.vector_60      0x000000009d001980        0x0
 *(.vector_60)
                0x0000000000000001                ASSERT (((_vector_spacing == 0x0) || (SIZEOF (.vector_60) <= (_vector_spacing << 0x5))), function at exception vector 60 too large)

.vector_61      0x000000009d0019a0        0x0
 *(.vector_61)
                0x0000000000000001                ASSERT (((_vector_spacing == 0x0) || (SIZEOF (.vector_61) <= (_vector_spacing << 0x5))), function at exception vector 61 too large)

.vector_62      0x000000009d0019c0        0x0
 *(.vector_62)
                0x0000000000000001                ASSERT (((_vector_spacing == 0x0) || (SIZEOF (.vector_62) <= (_vector_spacing << 0x5))), function at exception vector 62 too large)

.vector_63      0x000000009d0019e0        0x0
 *(.vector_63)
                0x0000000000000001                ASSERT (((_vector_spacing == 0x0) || (SIZEOF (.vector_63) <= (_vector_spacing << 0x5))), function at exception vector 63 too large)

.startup
 *(.startup)

.text           0x000000009d002000        0x0
 *(.stub .gnu.linkonce.t.*)
 *(.text.*personality*)
 *(.mips16.fn.*)
 *(.mips16.call.*)
 *(.gnu.warning)
                0x000000009d002000                . = ALIGN (0x4)

.init           0x000000009d002000        0x0
 *crti.o(.init)
 *crtbegin.o(.init)
 *(EXCLUDE_FILE(*crtn.o *crtend?.o *crtend.o) .init)
 *crtend.o(.init)
 *crtn.o(.init)
                0x000000009d002000                . = ALIGN (0x4)

.fini           0x000000009d002000        0x0
 *(.fini)
                0x000000009d002000                . = ALIGN (0x4)

.preinit_array  0x000000009d002000        0x0
                [!provide]                        PROVIDE (__preinit_array_start = .)
 *(.preinit_array)
                [!provide]                        PROVIDE (__preinit_array_end = .)
                0x000000009d002000                . = ALIGN (0x4)

.init_array     0x000000009d002000        0x0
                [!provide]                        PROVIDE (__init_array_start = .)
 *(SORT_BY_NAME(.init_array.*))
 *(.init_array)
                [!provide]                        PROVIDE (__init_array_end = .)
                0x000000009d002000                . = ALIGN (0x4)

.fini_array     0x000000009d002000        0x0
                [!provide]                        PROVIDE (__fini_array_start = .)
 *(SORT_BY_NAME(.fini_array.*))
 *(.fini_array)
                [!provide]                        PROVIDE (__fini_array_end = .)
                0x000000009d002000                . = ALIGN (0x4)

.ctors          0x000000009d002000        0x0
 *crtbegin.o(.ctors)
 *crtbegin?.o(.ctors)
 *(EXCLUDE_FILE(*crtend?.o *crtend.o) .ctors)
 *(SORT_BY_NAME(.ctors.*))
 *(.ctors)
                0x000000009d002000                . = ALIGN (0x4)

.dtors          0x000000009d002000        0x0
 *crtbegin.o(.dtors)
 *crtbegin?.o(.dtors)
 *(EXCLUDE_FILE(*crtend?.o *crtend.o) .dtors)
 *(SORT_BY_NAME(.dtors.*))
 *(.dtors)
                0x000000009d002000                . = ALIGN (0x4)

.rodata         0x000000009d002000        0x0
 *(.gnu.linkonce.r.*)
 *(.rodata1)
                0x000000009d002000                . = ALIGN (0x4)

.sdata2         0x000000009d002000        0x0
 *(.sdata2 .sdata2.* .gnu.linkonce.s2.*)
                0x000000009d002000                . = ALIGN (0x4)

.sbss2          0x000000009d002000        0x0
 *(.sbss2 .sbss2.* .gnu.linkonce.sb2.*)
                0x000000009d002000                . = ALIGN (0x4)

.eh_frame_hdr
 *(.eh_frame_hdr)
                0x000000009d002000                . = ALIGN (0x4)

.eh_frame
 *(.eh_frame)
                0x000000009d002000                . = ALIGN (0x4)

.gcc_except_table
 *(.gcc_except_table .gcc_except_table.*)
                0x000000009d002000                . = ALIGN (0x4)

.dbg_data       0x00000000a0000000        0x0
                0x00000000a0000000                . = (. + DEFINED (_DEBUGGER)?0x200:0x0)

.jcr            0x00000000a0000000        0x0
 *(.jcr)
                0x00000000a0000000                . = ALIGN (0x4)

.eh_frame
 *(.eh_frame)
                0x00000000a0000000                . = ALIGN (0x4)

.gcc_except_table
 *(.gcc_except_table .gcc_except_table.*)
                0x00000000a0000000                . = ALIGN (0x4)

.persist        0x00000000a0000000        0x0
                0x00000000a0000000                _persist_begin = .
 *(.persist .persist.*)
 *(.pbss .pbss.*)
                0x00000000a0000000                . = ALIGN (0x4)
                0x00000000a0000000                _persist_end = .

.data           0x00000000a0000000        0x0
 *(.gnu.linkonce.d.*)
 *(.data1)
                0x00000000a0000000                . = ALIGN (0x4)
                0x00000000a0000000                . = .
                0x00000000a0007ff0                _gp = (ALIGN (0x10) + 0x7ff0)

.got            0x00000000a0000000        0x0
 *(.got.plt)
 *(.got)
                0x00000000a0000000                . = ALIGN (0x4)

.sdata          0x00000000a0000000       0x48
                0x00000000a0000000                _sdata_begin = .
 *(.sdata .sdata.* .gnu.linkonce.s.*)
 .sdata         0x00000000a0000000        0x4 build/default/production/_ext/1358603075/AD.o
 .sdata         0x00000000a0000004        0x7 build/default/production/_ext/1358603075/RC_Servo.o
 *fill*         0x00000000a000000b        0x1 
 .sdata         0x00000000a000000c        0x4 build/default/production/_ext/2036589742/TemplateEventChecker.o
 .sdata         0x00000000a0000010        0x8 build/default/production/_ext/2036589742/TemplateFSM.o
 .sdata         0x00000000a0000018        0x4 build/default/production/_ext/2036589742/TemplateService.o
 .sdata         0x00000000a000001c        0x8 build/default/production/_ext/2036589742/TemplateSubHSM.o
 .sdata         0x00000000a0000024        0x4 build/default/production/_ext/2036589742/FindGoalieSub.o
 .sdata         0x00000000a0000028       0x14 build/default/production/_ext/1358603075/EventChecker.o
 .sdata         0x00000000a000003c        0x4 build/default/production/_ext/1358603075/HSM.o
 .sdata         0x00000000a0000040        0x4 build/default/production/_ext/1358603075/GoHomeSub.o
 .sdata         0x00000000a0000044        0x4 c:/program files/microchip/xc32/v3.01/bin/bin/../../lib/gcc/pic32mx/8.3.1/../../../../pic32mx/lib\liblega-c.a(_iobdata.o)
                0x00000000a0000044                _libc_data
                0x00000000a0000048                . = ALIGN (0x4)
                0x00000000a0000048                _sdata_end = .

.lit8
 *(.lit8)

.lit4
 *(.lit4)
                0x00000000a0000048                . = ALIGN (0x4)
                0x00000000a0000048                _data_end = .
                0x00000000a0000048                _bss_begin = .

.sbss           0x00000000a0000048       0xfc
                0x00000000a0000048                _sbss_begin = .
 *(.dynsbss)
 *(.sbss .sbss.* .gnu.linkonce.sb.*)
 .sbss          0x00000000a0000048       0x24 build/default/production/_ext/1358603075/AD.o
 .sbss          0x00000000a000006c        0xc build/default/production/_ext/1358603075/ES_Framework.o
                0x00000000a000006c                Ready
 .sbss          0x00000000a0000078        0x1 build/default/production/_ext/1358603075/ES_KeyboardInput.o
 .sbss          0x00000000a0000079        0x4 build/default/production/_ext/1358603075/ES_TattleTale.o
 *fill*         0x00000000a000007d        0x3 
 .sbss          0x00000000a0000080       0x30 build/default/production/_ext/1358603075/ES_Timers.o
 .sbss          0x00000000a00000b0        0x2 build/default/production/_ext/1358603075/LED.o
 *fill*         0x00000000a00000b2        0x2 
 .sbss          0x00000000a00000b4       0x12 build/default/production/_ext/1358603075/RC_Servo.o
                0x00000000a00000b4                RCenabled
 *fill*         0x00000000a00000c6        0x2 
 .sbss          0x00000000a00000c8        0xc build/default/production/_ext/1358603075/pwm.o
 .sbss          0x00000000a00000d4        0xe build/default/production/_ext/1358603075/serial.o
 *fill*         0x00000000a00000e2        0x2 
 .sbss          0x00000000a00000e4        0xc build/default/production/_ext/1358603075/timers.o
 .sbss          0x00000000a00000f0        0x5 build/default/production/_ext/2036589742/TemplateFSM.o
 .sbss          0x00000000a00000f5        0x1 build/default/production/_ext/2036589742/TemplateService.o
 *fill*         0x00000000a00000f6        0x2 
 .sbss          0x00000000a00000f8        0x5 build/default/production/_ext/2036589742/TemplateSubHSM.o
 *fill*         0x00000000a00000fd        0x3 
 .sbss          0x00000000a0000100        0x5 build/default/production/_ext/2036589742/FindGoalieSub.o
 *fill*         0x00000000a0000105        0x3 
 .sbss          0x00000000a0000108        0x6 build/default/production/_ext/1358603075/EventChecker.o
 *fill*         0x00000000a000010e        0x2 
 .sbss          0x00000000a0000110        0xc build/default/production/_ext/2036589742/HitSub.o
 .sbss          0x00000000a000011c        0x5 build/default/production/_ext/1358603075/ShootSub.o
 *fill*         0x00000000a0000121        0x3 
 .sbss          0x00000000a0000124        0x9 build/default/production/_ext/1358603075/HSM.o
 *fill*         0x00000000a000012d        0x3 
 .sbss          0x00000000a0000130        0x5 build/default/production/_ext/1358603075/AimSub.o
 *fill*         0x00000000a0000135        0x3 
 .sbss          0x00000000a0000138        0x5 build/default/production/_ext/1358603075/GoHomeSub.o
 *fill*         0x00000000a000013d        0x3 
 .sbss          0x00000000a0000140        0x4 c:/program files/microchip/xc32/v3.01/bin/bin/../../lib/gcc/pic32mx/8.3.1/../../../../pic32mx/lib\liblega-c.a(errno.o)
                0x00000000a0000140                errno
 *(.scommon)
                0x00000000a0000144                _sbss_end = .
                0x00000000a0000144                . = ALIGN (0x4)

.bss            0x00000000a0000144        0x0
 *(.dynbss)
 *(COMMON)
                0x00000000a0000144                . = ALIGN ((. != 0x0)?0x4:0x1)
                0x00000000a0000144                . = ALIGN (0x4)
                0x00000000a0000144                _end = .
                0x00000000a0000144                _bss_end = .
                0x0000000000004000                _bmxdudba_address = LENGTH (kseg1_data_mem)
                0x0000000000004000                _bmxdupba_address = LENGTH (kseg1_data_mem)

/DISCARD/
 *(.pdr)
 *(.rel.dyn)
 *(.note.GNU-stack)
 *(.note.GNU-stack)
 *(.gnu_debuglink)
 *(.gnu.lto_*)
 *(.discard)

.gptab.sdata
 *(.gptab.data)
 *(.gptab.sdata)

.gptab.sbss
 *(.gptab.bss)
 *(.gptab.sbss)

.mdebug.abi32   0x00000000a0000144        0x0
 *(.mdebug.abi32)
 .mdebug.abi32  0x00000000a0000144        0x0 build/default/production/_ext/1358603075/AD.o
 .mdebug.abi32  0x00000000a0000144        0x0 build/default/production/_ext/1358603075/BOARD.o
 .mdebug.abi32  0x00000000a0000144        0x0 build/default/production/_ext/1358603075/ES_CheckEvents.o
 .mdebug.abi32  0x00000000a0000144        0x0 build/default/production/_ext/1358603075/ES_Framework.o
 .mdebug.abi32  0x00000000a0000144        0x0 build/default/production/_ext/1358603075/ES_KeyboardInput.o
 .mdebug.abi32  0x00000000a0000144        0x0 build/default/production/_ext/1358603075/ES_PostList.o
 .mdebug.abi32  0x00000000a0000144        0x0 build/default/production/_ext/1358603075/ES_Queue.o
 .mdebug.abi32  0x00000000a0000144        0x0 build/default/production/_ext/1358603075/ES_TattleTale.o
 .mdebug.abi32  0x00000000a0000144        0x0 build/default/production/_ext/1358603075/ES_Timers.o
 .mdebug.abi32  0x00000000a0000144        0x0 build/default/production/_ext/1358603075/IO_Ports.o
 .mdebug.abi32  0x00000000a0000144        0x0 build/default/production/_ext/1358603075/LED.o
 .mdebug.abi32  0x00000000a0000144        0x0 build/default/production/_ext/1358603075/RC_Servo.o
 .mdebug.abi32  0x00000000a0000144        0x0 build/default/production/_ext/1358603075/pwm.o
 .mdebug.abi32  0x00000000a0000144        0x0 build/default/production/_ext/1358603075/roach.o
 .mdebug.abi32  0x00000000a0000144        0x0 build/default/production/_ext/1358603075/serial.o
 .mdebug.abi32  0x00000000a0000144        0x0 build/default/production/_ext/1358603075/timers.o
 .mdebug.abi32  0x00000000a0000144        0x0 build/default/production/_ext/2036589742/TemplateEventChecker.o
 .mdebug.abi32  0x00000000a0000144        0x0 build/default/production/_ext/2036589742/TemplateFSM.o
 .mdebug.abi32  0x00000000a0000144        0x0 build/default/production/_ext/2036589742/TemplateService.o
 .mdebug.abi32  0x00000000a0000144        0x0 build/default/production/_ext/2036589742/TemplateSubHSM.o
 .mdebug.abi32  0x00000000a0000144        0x0 build/default/production/_ext/2036589742/FindGoalieSub.o
 .mdebug.abi32  0x00000000a0000144        0x0 build/default/production/_ext/1358603075/EventChecker.o
 .mdebug.abi32  0x00000000a0000144        0x0 build/default/production/_ext/1358603075/MotorDriver.o
 .mdebug.abi32  0x00000000a0000144        0x0 build/default/production/_ext/2036589742/HitSub.o
 .mdebug.abi32  0x00000000a0000144        0x0 build/default/production/_ext/1358603075/FlywheelDriver.o
 .mdebug.abi32  0x00000000a0000144        0x0 build/default/production/_ext/1358603075/ShootSub.o
 .mdebug.abi32  0x00000000a0000144        0x0 build/default/production/_ext/1358603075/HSM.o
 .mdebug.abi32  0x00000000a0000144        0x0 build/default/production/_ext/2036589742/ES_Main.o
 .mdebug.abi32  0x00000000a0000144        0x0 build/default/production/_ext/1358603075/AimSub.o
 .mdebug.abi32  0x00000000a0000144        0x0 build/default/production/_ext/1358603075/GoHomeSub.o
 .mdebug.abi32  0x00000000a0000144        0x0 c:/program files/microchip/xc32/v3.01/bin/bin/../../lib/gcc/pic32mx/8.3.1\libgcc.a(floatunsisf.o)
 .mdebug.abi32  0x00000000a0000144        0x0 c:/program files/microchip/xc32/v3.01/bin/bin/../../lib/gcc/pic32mx/8.3.1/../../../../pic32mx/lib\libpic32.a(default-bootstrap-exception-handler.o)
 .mdebug.abi32  0x00000000a0000144        0x0 c:/program files/microchip/xc32/v3.01/bin/bin/../../lib/gcc/pic32mx/8.3.1/../../../../pic32mx/lib\libpic32.a(default-on-reset.o)
 .mdebug.abi32  0x00000000a0000144        0x0 c:/program files/microchip/xc32/v3.01/bin/bin/../../lib/gcc/pic32mx/8.3.1/../../../../pic32mx/lib\libpic32.a(default-on-bootstrap.o)
 .mdebug.abi32  0x00000000a0000144        0x0 c:/program files/microchip/xc32/v3.01/bin/bin/../../lib/gcc/pic32mx/8.3.1/../../../../pic32mx/lib\libpic32.a(default-general-exception-handler.o)
 .mdebug.abi32  0x00000000a0000144        0x0 c:/program files/microchip/xc32/v3.01/bin/bin/../../lib/gcc/pic32mx/8.3.1/../../../../pic32mx/lib\libpic32.a(defaultinterrupt.o)
 .mdebug.abi32  0x00000000a0000144        0x0 c:/program files/microchip/xc32/v3.01/bin/bin/../../lib/gcc/pic32mx/8.3.1/../../../../pic32mx/lib\liblega-c.a(fputc.o)
 .mdebug.abi32  0x00000000a0000144        0x0 c:/program files/microchip/xc32/v3.01/bin/bin/../../lib/gcc/pic32mx/8.3.1/../../../../pic32mx/lib\liblega-c.a(fputs.o)
 .mdebug.abi32  0x00000000a0000144        0x0 c:/program files/microchip/xc32/v3.01/bin/bin/../../lib/gcc/pic32mx/8.3.1/../../../../pic32mx/lib\liblega-c.a(printf_cdnopsuxX.eo)
 .mdebug.abi32  0x00000000a0000144        0x0 c:/program files/microchip/xc32/v3.01/bin/bin/../../lib/gcc/pic32mx/8.3.1/../../../../pic32mx/lib\liblega-c.a(printf_cdnopuxX.eo)
 .mdebug.abi32  0x00000000a0000144        0x0 c:/program files/microchip/xc32/v3.01/bin/bin/../../lib/gcc/pic32mx/8.3.1/../../../../pic32mx/lib\liblega-c.a(printf_s.eo)
 .mdebug.abi32  0x00000000a0000144        0x0 c:/program files/microchip/xc32/v3.01/bin/bin/../../lib/gcc/pic32mx/8.3.1/../../../../pic32mx/lib\liblega-c.a(strlen.o)
 .mdebug.abi32  0x00000000a0000144        0x0 c:/program files/microchip/xc32/v3.01/bin/bin/../../lib/gcc/pic32mx/8.3.1/../../../../pic32mx/lib\liblega-c.a(_doprnt_cdnopsuxX.eo)
 .mdebug.abi32  0x00000000a0000144        0x0 c:/program files/microchip/xc32/v3.01/bin/bin/../../lib/gcc/pic32mx/8.3.1/../../../../pic32mx/lib\liblega-c.a(_doprnt_cdnopuxX.eo)
 .mdebug.abi32  0x00000000a0000144        0x0 c:/program files/microchip/xc32/v3.01/bin/bin/../../lib/gcc/pic32mx/8.3.1/../../../../pic32mx/lib\liblega-c.a(_doprnt_s.eo)
 .mdebug.abi32  0x00000000a0000144        0x0 c:/program files/microchip/xc32/v3.01/bin/bin/../../lib/gcc/pic32mx/8.3.1/../../../../pic32mx/lib\liblega-c.a(_iobdata.o)
 .mdebug.abi32  0x00000000a0000144        0x0 c:/program files/microchip/xc32/v3.01/bin/bin/../../lib/gcc/pic32mx/8.3.1/../../../../pic32mx/lib\liblega-c.a(_iobfuncs.o)
 .mdebug.abi32  0x00000000a0000144        0x0 c:/program files/microchip/xc32/v3.01/bin/bin/../../lib/gcc/pic32mx/8.3.1/../../../../pic32mx/lib\liblega-c.a(errno.o)
 .mdebug.abi32  0x00000000a0000144        0x0 c:/program files/microchip/xc32/v3.01/bin/bin/../../lib/gcc/pic32mx/8.3.1\libgcc.a(_udivdi3.o)
 .mdebug.abi32  0x00000000a0000144        0x0 c:/program files/microchip/xc32/v3.01/bin/bin/../../lib/gcc/pic32mx/8.3.1\libgcc.a(_umoddi3.o)
 .mdebug.abi32  0x00000000a0000144        0x0 c:/program files/microchip/xc32/v3.01/bin/bin/../../lib/gcc/pic32mx/8.3.1/../../../../pic32mx/lib\libpic32.a(_mon_write.o)

.mdebug.abiN32
 *(.mdebug.abiN32)

.mdebug.abi64
 *(.mdebug.abi64)

.mdebug.abiO64
 *(.mdebug.abiO64)

.mdebug.eabi32
 *(.mdebug.eabi32)

.mdebug.eabi64
 *(.mdebug.eabi64)

.gcc_compiled_long32
 *(.gcc_compiled_long32)

.gcc_compiled_long64
 *(.gcc_compiled_long64)

.stab
 *(.stab)

.stabstr
 *(.stabstr)

.stab.excl
 *(.stab.excl)

.stab.exclstr
 *(.stab.exclstr)

.stab.index
 *(.stab.index)

.stab.indexstr
 *(.stab.indexstr)

.comment        0x0000000000000000      0x2da
 *(.comment)
 .comment       0x0000000000000000       0x53 build/default/production/_ext/1358603075/AD.o
                                         0x54 (size before relaxing)
 .comment       0x0000000000000053       0x54 build/default/production/_ext/1358603075/BOARD.o
 .comment       0x0000000000000053       0x54 build/default/production/_ext/1358603075/ES_CheckEvents.o
 .comment       0x0000000000000053       0x54 build/default/production/_ext/1358603075/ES_Framework.o
 .comment       0x0000000000000053       0x54 build/default/production/_ext/1358603075/ES_KeyboardInput.o
 .comment       0x0000000000000053       0x54 build/default/production/_ext/1358603075/ES_PostList.o
 .comment       0x0000000000000053       0x54 build/default/production/_ext/1358603075/ES_Queue.o
 .comment       0x0000000000000053       0x54 build/default/production/_ext/1358603075/ES_TattleTale.o
 .comment       0x0000000000000053       0x54 build/default/production/_ext/1358603075/ES_Timers.o
 .comment       0x0000000000000053       0x54 build/default/production/_ext/1358603075/IO_Ports.o
 .comment       0x0000000000000053       0x54 build/default/production/_ext/1358603075/LED.o
 .comment       0x0000000000000053       0x54 build/default/production/_ext/1358603075/RC_Servo.o
 .comment       0x0000000000000053       0x54 build/default/production/_ext/1358603075/pwm.o
 .comment       0x0000000000000053       0x54 build/default/production/_ext/1358603075/roach.o
 .comment       0x0000000000000053       0x54 build/default/production/_ext/1358603075/serial.o
 .comment       0x0000000000000053       0x54 build/default/production/_ext/1358603075/timers.o
 .comment       0x0000000000000053       0x54 build/default/production/_ext/2036589742/TemplateEventChecker.o
 .comment       0x0000000000000053       0x54 build/default/production/_ext/2036589742/TemplateFSM.o
 .comment       0x0000000000000053       0x54 build/default/production/_ext/2036589742/TemplateService.o
 .comment       0x0000000000000053       0x54 build/default/production/_ext/2036589742/TemplateSubHSM.o
 .comment       0x0000000000000053       0x54 build/default/production/_ext/2036589742/FindGoalieSub.o
 .comment       0x0000000000000053       0x54 build/default/production/_ext/1358603075/EventChecker.o
 .comment       0x0000000000000053       0x54 build/default/production/_ext/1358603075/MotorDriver.o
 .comment       0x0000000000000053       0x54 build/default/production/_ext/2036589742/HitSub.o
 .comment       0x0000000000000053       0x54 build/default/production/_ext/1358603075/FlywheelDriver.o
 .comment       0x0000000000000053       0x54 build/default/production/_ext/1358603075/ShootSub.o
 .comment       0x0000000000000053       0x54 build/default/production/_ext/1358603075/HSM.o
 .comment       0x0000000000000053       0x54 build/default/production/_ext/2036589742/ES_Main.o
 .comment       0x0000000000000053       0x54 build/default/production/_ext/1358603075/AimSub.o
 .comment       0x0000000000000053       0x54 build/default/production/_ext/1358603075/GoHomeSub.o
 .comment       0x0000000000000053       0x54 c:/program files/microchip/xc32/v3.01/bin/bin/../../lib/gcc/pic32mx/8.3.1\libgcc.a(floatunsisf.o)
 .comment       0x0000000000000053       0x54 c:/program files/microchip/xc32/v3.01/bin/bin/../../lib/gcc/pic32mx/8.3.1/../../../../pic32mx/lib\libpic32.a(default-bootstrap-exception-handler.o)
 .comment       0x0000000000000053       0x54 c:/program files/microchip/xc32/v3.01/bin/bin/../../lib/gcc/pic32mx/8.3.1/../../../../pic32mx/lib\libpic32.a(default-on-reset.o)
 .comment       0x0000000000000053       0x54 c:/program files/microchip/xc32/v3.01/bin/bin/../../lib/gcc/pic32mx/8.3.1/../../../../pic32mx/lib\libpic32.a(default-on-bootstrap.o)
 .comment       0x0000000000000053       0x54 c:/program files/microchip/xc32/v3.01/bin/bin/../../lib/gcc/pic32mx/8.3.1/../../../../pic32mx/lib\libpic32.a(default-general-exception-handler.o)
 .comment       0x0000000000000053       0x54 c:/program files/microchip/xc32/v3.01/bin/bin/../../lib/gcc/pic32mx/8.3.1/../../../../pic32mx/lib\libpic32.a(defaultinterrupt.o)
 .comment       0x0000000000000053       0x50 c:/program files/microchip/xc32/v3.01/bin/bin/../../lib/gcc/pic32mx/8.3.1/../../../../pic32mx/lib\liblega-c.a(fputc.o)
                                         0xa4 (size before relaxing)
 .comment       0x00000000000000a3       0x50 c:/program files/microchip/xc32/v3.01/bin/bin/../../lib/gcc/pic32mx/8.3.1/../../../../pic32mx/lib\liblega-c.a(fputs.o)
                                         0xa4 (size before relaxing)
 .comment       0x00000000000000f3       0x51 c:/program files/microchip/xc32/v3.01/bin/bin/../../lib/gcc/pic32mx/8.3.1/../../../../pic32mx/lib\liblega-c.a(printf_cdnopsuxX.eo)
                                         0xa5 (size before relaxing)
 .comment       0x0000000000000144       0xa5 c:/program files/microchip/xc32/v3.01/bin/bin/../../lib/gcc/pic32mx/8.3.1/../../../../pic32mx/lib\liblega-c.a(printf_cdnopuxX.eo)
 .comment       0x0000000000000144       0xa5 c:/program files/microchip/xc32/v3.01/bin/bin/../../lib/gcc/pic32mx/8.3.1/../../../../pic32mx/lib\liblega-c.a(printf_s.eo)
 .comment       0x0000000000000144       0x4f c:/program files/microchip/xc32/v3.01/bin/bin/../../lib/gcc/pic32mx/8.3.1/../../../../pic32mx/lib\liblega-c.a(strlen.o)
                                         0xa3 (size before relaxing)
 .comment       0x0000000000000193       0x52 c:/program files/microchip/xc32/v3.01/bin/bin/../../lib/gcc/pic32mx/8.3.1/../../../../pic32mx/lib\liblega-c.a(_doprnt_cdnopsuxX.eo)
                                         0xa6 (size before relaxing)
 .comment       0x00000000000001e5       0xa6 c:/program files/microchip/xc32/v3.01/bin/bin/../../lib/gcc/pic32mx/8.3.1/../../../../pic32mx/lib\liblega-c.a(_doprnt_cdnopuxX.eo)
 .comment       0x00000000000001e5       0xa6 c:/program files/microchip/xc32/v3.01/bin/bin/../../lib/gcc/pic32mx/8.3.1/../../../../pic32mx/lib\liblega-c.a(_doprnt_s.eo)
 .comment       0x00000000000001e5       0x53 c:/program files/microchip/xc32/v3.01/bin/bin/../../lib/gcc/pic32mx/8.3.1/../../../../pic32mx/lib\liblega-c.a(_iobdata.o)
                                         0xa7 (size before relaxing)
 .comment       0x0000000000000238       0x54 c:/program files/microchip/xc32/v3.01/bin/bin/../../lib/gcc/pic32mx/8.3.1/../../../../pic32mx/lib\liblega-c.a(_iobfuncs.o)
                                         0xa8 (size before relaxing)
 .comment       0x000000000000028c       0x4e c:/program files/microchip/xc32/v3.01/bin/bin/../../lib/gcc/pic32mx/8.3.1/../../../../pic32mx/lib\liblega-c.a(errno.o)
                                         0xa2 (size before relaxing)
 .comment       0x00000000000002da       0x54 c:/program files/microchip/xc32/v3.01/bin/bin/../../lib/gcc/pic32mx/8.3.1\libgcc.a(_udivdi3.o)
 .comment       0x00000000000002da       0x54 c:/program files/microchip/xc32/v3.01/bin/bin/../../lib/gcc/pic32mx/8.3.1\libgcc.a(_umoddi3.o)
 .comment       0x00000000000002da       0x54 c:/program files/microchip/xc32/v3.01/bin/bin/../../lib/gcc/pic32mx/8.3.1/../../../../pic32mx/lib\libpic32.a(_mon_write.o)

.debug
 *(.debug)

.line
 *(.line)

.debug_srcinfo
 *(.debug_srcinfo)

.debug_sfnames
 *(.debug_sfnames)

.debug_aranges  0x0000000000000000      0x4d8
 *(.debug_aranges)
 .debug_aranges
                0x0000000000000000       0x20 build/default/production/_ext/1358603075/AD.o
 .debug_aranges
                0x0000000000000020       0x20 build/default/production/_ext/1358603075/BOARD.o
 .debug_aranges
                0x0000000000000040       0x20 build/default/production/_ext/1358603075/ES_CheckEvents.o
 .debug_aranges
                0x0000000000000060       0x20 build/default/production/_ext/1358603075/ES_Framework.o
 .debug_aranges
                0x0000000000000080       0x20 build/default/production/_ext/1358603075/ES_KeyboardInput.o
 .debug_aranges
                0x00000000000000a0       0x18 build/default/production/_ext/1358603075/ES_PostList.o
 .debug_aranges
                0x00000000000000b8       0x20 build/default/production/_ext/1358603075/ES_Queue.o
 .debug_aranges
                0x00000000000000d8       0x20 build/default/production/_ext/1358603075/ES_TattleTale.o
 .debug_aranges
                0x00000000000000f8       0x20 build/default/production/_ext/1358603075/ES_Timers.o
 .debug_aranges
                0x0000000000000118       0x20 build/default/production/_ext/1358603075/IO_Ports.o
 .debug_aranges
                0x0000000000000138       0x20 build/default/production/_ext/1358603075/LED.o
 .debug_aranges
                0x0000000000000158       0x20 build/default/production/_ext/1358603075/RC_Servo.o
 .debug_aranges
                0x0000000000000178       0x20 build/default/production/_ext/1358603075/pwm.o
 .debug_aranges
                0x0000000000000198       0x20 build/default/production/_ext/1358603075/roach.o
 .debug_aranges
                0x00000000000001b8       0x20 build/default/production/_ext/1358603075/serial.o
 .debug_aranges
                0x00000000000001d8       0x20 build/default/production/_ext/1358603075/timers.o
 .debug_aranges
                0x00000000000001f8       0x20 build/default/production/_ext/2036589742/TemplateEventChecker.o
 .debug_aranges
                0x0000000000000218       0x20 build/default/production/_ext/2036589742/TemplateFSM.o
 .debug_aranges
                0x0000000000000238       0x20 build/default/production/_ext/2036589742/TemplateService.o
 .debug_aranges
                0x0000000000000258       0x20 build/default/production/_ext/2036589742/TemplateSubHSM.o
 .debug_aranges
                0x0000000000000278       0x20 build/default/production/_ext/2036589742/FindGoalieSub.o
 .debug_aranges
                0x0000000000000298       0x20 build/default/production/_ext/1358603075/EventChecker.o
 .debug_aranges
                0x00000000000002b8       0x20 build/default/production/_ext/1358603075/MotorDriver.o
 .debug_aranges
                0x00000000000002d8       0x20 build/default/production/_ext/2036589742/HitSub.o
 .debug_aranges
                0x00000000000002f8       0x20 build/default/production/_ext/1358603075/FlywheelDriver.o
 .debug_aranges
                0x0000000000000318       0x20 build/default/production/_ext/1358603075/ShootSub.o
 .debug_aranges
                0x0000000000000338       0x20 build/default/production/_ext/1358603075/HSM.o
 .debug_aranges
                0x0000000000000358       0x20 build/default/production/_ext/2036589742/ES_Main.o
 .debug_aranges
                0x0000000000000378       0x20 build/default/production/_ext/1358603075/AimSub.o
 .debug_aranges
                0x0000000000000398       0x20 build/default/production/_ext/1358603075/GoHomeSub.o
 .debug_aranges
                0x00000000000003b8       0x20 c:/program files/microchip/xc32/v3.01/bin/bin/../../lib/gcc/pic32mx/8.3.1\libgcc.a(floatunsisf.o)
 .debug_aranges
                0x00000000000003d8       0x20 c:/program files/microchip/xc32/v3.01/bin/bin/../../lib/gcc/pic32mx/8.3.1/../../../../pic32mx/lib\libpic32.a(default-bootstrap-exception-handler.o)
 .debug_aranges
                0x00000000000003f8       0x20 c:/program files/microchip/xc32/v3.01/bin/bin/../../lib/gcc/pic32mx/8.3.1/../../../../pic32mx/lib\libpic32.a(default-on-reset.o)
 .debug_aranges
                0x0000000000000418       0x20 c:/program files/microchip/xc32/v3.01/bin/bin/../../lib/gcc/pic32mx/8.3.1/../../../../pic32mx/lib\libpic32.a(default-on-bootstrap.o)
 .debug_aranges
                0x0000000000000438       0x20 c:/program files/microchip/xc32/v3.01/bin/bin/../../lib/gcc/pic32mx/8.3.1/../../../../pic32mx/lib\libpic32.a(default-general-exception-handler.o)
 .debug_aranges
                0x0000000000000458       0x20 c:/program files/microchip/xc32/v3.01/bin/bin/../../lib/gcc/pic32mx/8.3.1/../../../../pic32mx/lib\libpic32.a(defaultinterrupt.o)
 .debug_aranges
                0x0000000000000478       0x20 c:/program files/microchip/xc32/v3.01/bin/bin/../../lib/gcc/pic32mx/8.3.1\libgcc.a(_udivdi3.o)
 .debug_aranges
                0x0000000000000498       0x20 c:/program files/microchip/xc32/v3.01/bin/bin/../../lib/gcc/pic32mx/8.3.1\libgcc.a(_umoddi3.o)
 .debug_aranges
                0x00000000000004b8       0x20 c:/program files/microchip/xc32/v3.01/bin/bin/../../lib/gcc/pic32mx/8.3.1/../../../../pic32mx/lib\libpic32.a(_mon_write.o)

.debug_pubnames
 *(.debug_pubnames)

.debug_info     0x0000000000000000   0x100334
 *(.debug_info .gnu.linkonce.wi.*)
 .debug_info    0x0000000000000000     0xb927 build/default/production/_ext/1358603075/AD.o
 .debug_info    0x000000000000b927     0xb3a6 build/default/production/_ext/1358603075/BOARD.o
 .debug_info    0x0000000000016ccd     0xb69e build/default/production/_ext/1358603075/ES_CheckEvents.o
 .debug_info    0x000000000002236b      0x818 build/default/production/_ext/1358603075/ES_Framework.o
 .debug_info    0x0000000000022b83      0x5e0 build/default/production/_ext/1358603075/ES_KeyboardInput.o
 .debug_info    0x0000000000023163       0x8a build/default/production/_ext/1358603075/ES_PostList.o
 .debug_info    0x00000000000231ed      0x3a0 build/default/production/_ext/1358603075/ES_Queue.o
 .debug_info    0x000000000002358d     0xb923 build/default/production/_ext/1358603075/ES_TattleTale.o
 .debug_info    0x000000000002eeb0     0xb775 build/default/production/_ext/1358603075/ES_Timers.o
 .debug_info    0x000000000003a625     0xb86e build/default/production/_ext/1358603075/IO_Ports.o
 .debug_info    0x0000000000045e93     0xb719 build/default/production/_ext/1358603075/LED.o
 .debug_info    0x00000000000515ac     0xb733 build/default/production/_ext/1358603075/RC_Servo.o
 .debug_info    0x000000000005ccdf     0xb878 build/default/production/_ext/1358603075/pwm.o
 .debug_info    0x0000000000068557     0xb606 build/default/production/_ext/1358603075/roach.o
 .debug_info    0x0000000000073b5d     0xb58a build/default/production/_ext/1358603075/serial.o
 .debug_info    0x000000000007f0e7     0xb55b build/default/production/_ext/1358603075/timers.o
 .debug_info    0x000000000008a642      0x277 build/default/production/_ext/2036589742/TemplateEventChecker.o
 .debug_info    0x000000000008a8b9      0x638 build/default/production/_ext/2036589742/TemplateFSM.o
 .debug_info    0x000000000008aef1      0x5e8 build/default/production/_ext/2036589742/TemplateService.o
 .debug_info    0x000000000008b4d9      0x377 build/default/production/_ext/2036589742/TemplateSubHSM.o
 .debug_info    0x000000000008b850     0xb940 build/default/production/_ext/2036589742/FindGoalieSub.o
 .debug_info    0x0000000000097190     0xba57 build/default/production/_ext/1358603075/EventChecker.o
 .debug_info    0x00000000000a2be7     0xb84a build/default/production/_ext/1358603075/MotorDriver.o
 .debug_info    0x00000000000ae431     0xb939 build/default/production/_ext/2036589742/HitSub.o
 .debug_info    0x00000000000b9d6a     0xb74a build/default/production/_ext/1358603075/FlywheelDriver.o
 .debug_info    0x00000000000c54b4     0xb8f0 build/default/production/_ext/1358603075/ShootSub.o
 .debug_info    0x00000000000d0da4     0xb95d build/default/production/_ext/1358603075/HSM.o
 .debug_info    0x00000000000dc701     0xb6da build/default/production/_ext/2036589742/ES_Main.o
 .debug_info    0x00000000000e7ddb     0xb8c8 build/default/production/_ext/1358603075/AimSub.o
 .debug_info    0x00000000000f36a3     0xb93a build/default/production/_ext/1358603075/GoHomeSub.o
 .debug_info    0x00000000000fefdd       0x9d c:/program files/microchip/xc32/v3.01/bin/bin/../../lib/gcc/pic32mx/8.3.1\libgcc.a(floatunsisf.o)
 .debug_info    0x00000000000ff07a       0x41 c:/program files/microchip/xc32/v3.01/bin/bin/../../lib/gcc/pic32mx/8.3.1/../../../../pic32mx/lib\libpic32.a(default-bootstrap-exception-handler.o)
 .debug_info    0x00000000000ff0bb       0x3f c:/program files/microchip/xc32/v3.01/bin/bin/../../lib/gcc/pic32mx/8.3.1/../../../../pic32mx/lib\libpic32.a(default-on-reset.o)
 .debug_info    0x00000000000ff0fa       0x3f c:/program files/microchip/xc32/v3.01/bin/bin/../../lib/gcc/pic32mx/8.3.1/../../../../pic32mx/lib\libpic32.a(default-on-bootstrap.o)
 .debug_info    0x00000000000ff139       0x41 c:/program files/microchip/xc32/v3.01/bin/bin/../../lib/gcc/pic32mx/8.3.1/../../../../pic32mx/lib\libpic32.a(default-general-exception-handler.o)
 .debug_info    0x00000000000ff17a       0x40 c:/program files/microchip/xc32/v3.01/bin/bin/../../lib/gcc/pic32mx/8.3.1/../../../../pic32mx/lib\libpic32.a(defaultinterrupt.o)
 .debug_info    0x00000000000ff1ba      0x85c c:/program files/microchip/xc32/v3.01/bin/bin/../../lib/gcc/pic32mx/8.3.1\libgcc.a(_udivdi3.o)
 .debug_info    0x00000000000ffa16      0x8d4 c:/program files/microchip/xc32/v3.01/bin/bin/../../lib/gcc/pic32mx/8.3.1\libgcc.a(_umoddi3.o)
 .debug_info    0x00000000001002ea       0x4a c:/program files/microchip/xc32/v3.01/bin/bin/../../lib/gcc/pic32mx/8.3.1/../../../../pic32mx/lib\libpic32.a(_mon_write.o)

.debug_abbrev   0x0000000000000000     0x4759
 *(.debug_abbrev)
 .debug_abbrev  0x0000000000000000      0x30b build/default/production/_ext/1358603075/AD.o
 .debug_abbrev  0x000000000000030b      0x1d2 build/default/production/_ext/1358603075/BOARD.o
 .debug_abbrev  0x00000000000004dd      0x25c build/default/production/_ext/1358603075/ES_CheckEvents.o
 .debug_abbrev  0x0000000000000739      0x21a build/default/production/_ext/1358603075/ES_Framework.o
 .debug_abbrev  0x0000000000000953      0x1b5 build/default/production/_ext/1358603075/ES_KeyboardInput.o
 .debug_abbrev  0x0000000000000b08       0x59 build/default/production/_ext/1358603075/ES_PostList.o
 .debug_abbrev  0x0000000000000b61      0x12c build/default/production/_ext/1358603075/ES_Queue.o
 .debug_abbrev  0x0000000000000c8d      0x29c build/default/production/_ext/1358603075/ES_TattleTale.o
 .debug_abbrev  0x0000000000000f29      0x2a7 build/default/production/_ext/1358603075/ES_Timers.o
 .debug_abbrev  0x00000000000011d0      0x262 build/default/production/_ext/1358603075/IO_Ports.o
 .debug_abbrev  0x0000000000001432      0x29e build/default/production/_ext/1358603075/LED.o
 .debug_abbrev  0x00000000000016d0      0x2de build/default/production/_ext/1358603075/RC_Servo.o
 .debug_abbrev  0x00000000000019ae      0x2da build/default/production/_ext/1358603075/pwm.o
 .debug_abbrev  0x0000000000001c88      0x2a5 build/default/production/_ext/1358603075/roach.o
 .debug_abbrev  0x0000000000001f2d      0x2ae build/default/production/_ext/1358603075/serial.o
 .debug_abbrev  0x00000000000021db      0x21b build/default/production/_ext/1358603075/timers.o
 .debug_abbrev  0x00000000000023f6       0xdb build/default/production/_ext/2036589742/TemplateEventChecker.o
 .debug_abbrev  0x00000000000024d1      0x18a build/default/production/_ext/2036589742/TemplateFSM.o
 .debug_abbrev  0x000000000000265b      0x17d build/default/production/_ext/2036589742/TemplateService.o
 .debug_abbrev  0x00000000000027d8      0x12f build/default/production/_ext/2036589742/TemplateSubHSM.o
 .debug_abbrev  0x0000000000002907      0x28d build/default/production/_ext/2036589742/FindGoalieSub.o
 .debug_abbrev  0x0000000000002b94      0x2a0 build/default/production/_ext/1358603075/EventChecker.o
 .debug_abbrev  0x0000000000002e34      0x278 build/default/production/_ext/1358603075/MotorDriver.o
 .debug_abbrev  0x00000000000030ac      0x28d build/default/production/_ext/2036589742/HitSub.o
 .debug_abbrev  0x0000000000003339      0x253 build/default/production/_ext/1358603075/FlywheelDriver.o
 .debug_abbrev  0x000000000000358c      0x291 build/default/production/_ext/1358603075/ShootSub.o
 .debug_abbrev  0x000000000000381d      0x28d build/default/production/_ext/1358603075/HSM.o
 .debug_abbrev  0x0000000000003aaa      0x23e build/default/production/_ext/2036589742/ES_Main.o
 .debug_abbrev  0x0000000000003ce8      0x284 build/default/production/_ext/1358603075/AimSub.o
 .debug_abbrev  0x0000000000003f6c      0x284 build/default/production/_ext/1358603075/GoHomeSub.o
 .debug_abbrev  0x00000000000041f0       0x7d c:/program files/microchip/xc32/v3.01/bin/bin/../../lib/gcc/pic32mx/8.3.1\libgcc.a(floatunsisf.o)
 .debug_abbrev  0x000000000000426d       0x31 c:/program files/microchip/xc32/v3.01/bin/bin/../../lib/gcc/pic32mx/8.3.1/../../../../pic32mx/lib\libpic32.a(default-bootstrap-exception-handler.o)
 .debug_abbrev  0x000000000000429e       0x2e c:/program files/microchip/xc32/v3.01/bin/bin/../../lib/gcc/pic32mx/8.3.1/../../../../pic32mx/lib\libpic32.a(default-on-reset.o)
 .debug_abbrev  0x00000000000042cc       0x2e c:/program files/microchip/xc32/v3.01/bin/bin/../../lib/gcc/pic32mx/8.3.1/../../../../pic32mx/lib\libpic32.a(default-on-bootstrap.o)
 .debug_abbrev  0x00000000000042fa       0x31 c:/program files/microchip/xc32/v3.01/bin/bin/../../lib/gcc/pic32mx/8.3.1/../../../../pic32mx/lib\libpic32.a(default-general-exception-handler.o)
 .debug_abbrev  0x000000000000432b       0x31 c:/program files/microchip/xc32/v3.01/bin/bin/../../lib/gcc/pic32mx/8.3.1/../../../../pic32mx/lib\libpic32.a(defaultinterrupt.o)
 .debug_abbrev  0x000000000000435c      0x1d8 c:/program files/microchip/xc32/v3.01/bin/bin/../../lib/gcc/pic32mx/8.3.1\libgcc.a(_udivdi3.o)
 .debug_abbrev  0x0000000000004534      0x1ee c:/program files/microchip/xc32/v3.01/bin/bin/../../lib/gcc/pic32mx/8.3.1\libgcc.a(_umoddi3.o)
 .debug_abbrev  0x0000000000004722       0x37 c:/program files/microchip/xc32/v3.01/bin/bin/../../lib/gcc/pic32mx/8.3.1/../../../../pic32mx/lib\libpic32.a(_mon_write.o)

.debug_line     0x0000000000000000     0x7678
 *(.debug_line)
 .debug_line    0x0000000000000000      0x4ac build/default/production/_ext/1358603075/AD.o
 .debug_line    0x00000000000004ac      0x1e3 build/default/production/_ext/1358603075/BOARD.o
 .debug_line    0x000000000000068f      0x319 build/default/production/_ext/1358603075/ES_CheckEvents.o
 .debug_line    0x00000000000009a8      0x35c build/default/production/_ext/1358603075/ES_Framework.o
 .debug_line    0x0000000000000d04      0x278 build/default/production/_ext/1358603075/ES_KeyboardInput.o
 .debug_line    0x0000000000000f7c       0x81 build/default/production/_ext/1358603075/ES_PostList.o
 .debug_line    0x0000000000000ffd      0x2a9 build/default/production/_ext/1358603075/ES_Queue.o
 .debug_line    0x00000000000012a6      0x3ec build/default/production/_ext/1358603075/ES_TattleTale.o
 .debug_line    0x0000000000001692      0x3ee build/default/production/_ext/1358603075/ES_Timers.o
 .debug_line    0x0000000000001a80      0x3ff build/default/production/_ext/1358603075/IO_Ports.o
 .debug_line    0x0000000000001e7f      0x628 build/default/production/_ext/1358603075/LED.o
 .debug_line    0x00000000000024a7      0x524 build/default/production/_ext/1358603075/RC_Servo.o
 .debug_line    0x00000000000029cb      0x429 build/default/production/_ext/1358603075/pwm.o
 .debug_line    0x0000000000002df4      0x34a build/default/production/_ext/1358603075/roach.o
 .debug_line    0x000000000000313e      0x35b build/default/production/_ext/1358603075/serial.o
 .debug_line    0x0000000000003499      0x2e2 build/default/production/_ext/1358603075/timers.o
 .debug_line    0x000000000000377b      0x1d9 build/default/production/_ext/2036589742/TemplateEventChecker.o
 .debug_line    0x0000000000003954      0x262 build/default/production/_ext/2036589742/TemplateFSM.o
 .debug_line    0x0000000000003bb6      0x255 build/default/production/_ext/2036589742/TemplateService.o
 .debug_line    0x0000000000003e0b      0x238 build/default/production/_ext/2036589742/TemplateSubHSM.o
 .debug_line    0x0000000000004043      0x495 build/default/production/_ext/2036589742/FindGoalieSub.o
 .debug_line    0x00000000000044d8      0x537 build/default/production/_ext/1358603075/EventChecker.o
 .debug_line    0x0000000000004a0f      0x36f build/default/production/_ext/1358603075/MotorDriver.o
 .debug_line    0x0000000000004d7e      0x487 build/default/production/_ext/2036589742/HitSub.o
 .debug_line    0x0000000000005205      0x2a2 build/default/production/_ext/1358603075/FlywheelDriver.o
 .debug_line    0x00000000000054a7      0x3c8 build/default/production/_ext/1358603075/ShootSub.o
 .debug_line    0x000000000000586f      0x4fa build/default/production/_ext/1358603075/HSM.o
 .debug_line    0x0000000000005d69      0x2cd build/default/production/_ext/2036589742/ES_Main.o
 .debug_line    0x0000000000006036      0x3a0 build/default/production/_ext/1358603075/AimSub.o
 .debug_line    0x00000000000063d6      0x424 build/default/production/_ext/1358603075/GoHomeSub.o
 .debug_line    0x00000000000067fa       0xba c:/program files/microchip/xc32/v3.01/bin/bin/../../lib/gcc/pic32mx/8.3.1\libgcc.a(floatunsisf.o)
 .debug_line    0x00000000000068b4       0xca c:/program files/microchip/xc32/v3.01/bin/bin/../../lib/gcc/pic32mx/8.3.1/../../../../pic32mx/lib\libpic32.a(default-bootstrap-exception-handler.o)
 .debug_line    0x000000000000697e       0xa6 c:/program files/microchip/xc32/v3.01/bin/bin/../../lib/gcc/pic32mx/8.3.1/../../../../pic32mx/lib\libpic32.a(default-on-reset.o)
 .debug_line    0x0000000000006a24       0xaa c:/program files/microchip/xc32/v3.01/bin/bin/../../lib/gcc/pic32mx/8.3.1/../../../../pic32mx/lib\libpic32.a(default-on-bootstrap.o)
 .debug_line    0x0000000000006ace       0xc8 c:/program files/microchip/xc32/v3.01/bin/bin/../../lib/gcc/pic32mx/8.3.1/../../../../pic32mx/lib\libpic32.a(default-general-exception-handler.o)
 .debug_line    0x0000000000006b96       0xc9 c:/program files/microchip/xc32/v3.01/bin/bin/../../lib/gcc/pic32mx/8.3.1/../../../../pic32mx/lib\libpic32.a(defaultinterrupt.o)
 .debug_line    0x0000000000006c5f      0x490 c:/program files/microchip/xc32/v3.01/bin/bin/../../lib/gcc/pic32mx/8.3.1\libgcc.a(_udivdi3.o)
 .debug_line    0x00000000000070ef      0x4d9 c:/program files/microchip/xc32/v3.01/bin/bin/../../lib/gcc/pic32mx/8.3.1\libgcc.a(_umoddi3.o)
 .debug_line    0x00000000000075c8       0xb0 c:/program files/microchip/xc32/v3.01/bin/bin/../../lib/gcc/pic32mx/8.3.1/../../../../pic32mx/lib\libpic32.a(_mon_write.o)

.debug_frame    0x0000000000000000     0x19bc
 *(.debug_frame)
 .debug_frame   0x0000000000000000      0x190 build/default/production/_ext/1358603075/AD.o
 .debug_frame   0x0000000000000190       0x74 build/default/production/_ext/1358603075/BOARD.o
 .debug_frame   0x0000000000000204       0x34 build/default/production/_ext/1358603075/ES_CheckEvents.o
 .debug_frame   0x0000000000000238       0xc0 build/default/production/_ext/1358603075/ES_Framework.o
 .debug_frame   0x00000000000002f8       0x98 build/default/production/_ext/1358603075/ES_KeyboardInput.o
 .debug_frame   0x0000000000000390       0x90 build/default/production/_ext/1358603075/ES_Queue.o
 .debug_frame   0x0000000000000420       0x7c build/default/production/_ext/1358603075/ES_TattleTale.o
 .debug_frame   0x000000000000049c      0x14c build/default/production/_ext/1358603075/ES_Timers.o
 .debug_frame   0x00000000000005e8      0x200 build/default/production/_ext/1358603075/IO_Ports.o
 .debug_frame   0x00000000000007e8      0x170 build/default/production/_ext/1358603075/LED.o
 .debug_frame   0x0000000000000958      0x1f8 build/default/production/_ext/1358603075/RC_Servo.o
 .debug_frame   0x0000000000000b50      0x148 build/default/production/_ext/1358603075/pwm.o
 .debug_frame   0x0000000000000c98      0x1c8 build/default/production/_ext/1358603075/roach.o
 .debug_frame   0x0000000000000e60      0x15c build/default/production/_ext/1358603075/serial.o
 .debug_frame   0x0000000000000fbc      0x174 build/default/production/_ext/1358603075/timers.o
 .debug_frame   0x0000000000001130       0x34 build/default/production/_ext/2036589742/TemplateEventChecker.o
 .debug_frame   0x0000000000001164       0x7c build/default/production/_ext/2036589742/TemplateFSM.o
 .debug_frame   0x00000000000011e0       0x7c build/default/production/_ext/2036589742/TemplateService.o
 .debug_frame   0x000000000000125c       0x58 build/default/production/_ext/2036589742/TemplateSubHSM.o
 .debug_frame   0x00000000000012b4       0x58 build/default/production/_ext/2036589742/FindGoalieSub.o
 .debug_frame   0x000000000000130c       0xec build/default/production/_ext/1358603075/EventChecker.o
 .debug_frame   0x00000000000013f8      0x154 build/default/production/_ext/1358603075/MotorDriver.o
 .debug_frame   0x000000000000154c       0x58 build/default/production/_ext/2036589742/HitSub.o
 .debug_frame   0x00000000000015a4      0x10c build/default/production/_ext/1358603075/FlywheelDriver.o
 .debug_frame   0x00000000000016b0       0x58 build/default/production/_ext/1358603075/ShootSub.o
 .debug_frame   0x0000000000001708       0x7c build/default/production/_ext/1358603075/HSM.o
 .debug_frame   0x0000000000001784       0x2c build/default/production/_ext/2036589742/ES_Main.o
 .debug_frame   0x00000000000017b0       0x58 build/default/production/_ext/1358603075/AimSub.o
 .debug_frame   0x0000000000001808       0x58 build/default/production/_ext/1358603075/GoHomeSub.o
 .debug_frame   0x0000000000001860       0x2c c:/program files/microchip/xc32/v3.01/bin/bin/../../lib/gcc/pic32mx/8.3.1\libgcc.a(floatunsisf.o)
 .debug_frame   0x000000000000188c       0x2c c:/program files/microchip/xc32/v3.01/bin/bin/../../lib/gcc/pic32mx/8.3.1/../../../../pic32mx/lib\libpic32.a(default-bootstrap-exception-handler.o)
 .debug_frame   0x00000000000018b8       0x20 c:/program files/microchip/xc32/v3.01/bin/bin/../../lib/gcc/pic32mx/8.3.1/../../../../pic32mx/lib\libpic32.a(default-on-reset.o)
 .debug_frame   0x00000000000018d8       0x20 c:/program files/microchip/xc32/v3.01/bin/bin/../../lib/gcc/pic32mx/8.3.1/../../../../pic32mx/lib\libpic32.a(default-on-bootstrap.o)
 .debug_frame   0x00000000000018f8       0x2c c:/program files/microchip/xc32/v3.01/bin/bin/../../lib/gcc/pic32mx/8.3.1/../../../../pic32mx/lib\libpic32.a(default-general-exception-handler.o)
 .debug_frame   0x0000000000001924       0x20 c:/program files/microchip/xc32/v3.01/bin/bin/../../lib/gcc/pic32mx/8.3.1/../../../../pic32mx/lib\libpic32.a(defaultinterrupt.o)
 .debug_frame   0x0000000000001944       0x20 c:/program files/microchip/xc32/v3.01/bin/bin/../../lib/gcc/pic32mx/8.3.1\libgcc.a(_udivdi3.o)
 .debug_frame   0x0000000000001964       0x20 c:/program files/microchip/xc32/v3.01/bin/bin/../../lib/gcc/pic32mx/8.3.1\libgcc.a(_umoddi3.o)
 .debug_frame   0x0000000000001984       0x38 c:/program files/microchip/xc32/v3.01/bin/bin/../../lib/gcc/pic32mx/8.3.1/../../../../pic32mx/lib\libpic32.a(_mon_write.o)

.debug_str      0x0000000000000000    0x5b28c
 *(.debug_str)
 .debug_str     0x0000000000000000     0x3e71 build/default/production/_ext/1358603075/AD.o
 .debug_str     0x0000000000003e71     0x3bbc build/default/production/_ext/1358603075/BOARD.o
 .debug_str     0x0000000000007a2d     0x3d23 build/default/production/_ext/1358603075/ES_CheckEvents.o
 .debug_str     0x000000000000b750      0x839 build/default/production/_ext/1358603075/ES_Framework.o
 .debug_str     0x000000000000bf89      0x731 build/default/production/_ext/1358603075/ES_KeyboardInput.o
 .debug_str     0x000000000000c6ba      0x2e5 build/default/production/_ext/1358603075/ES_PostList.o
 .debug_str     0x000000000000c99f      0x5ef build/default/production/_ext/1358603075/ES_Queue.o
 .debug_str     0x000000000000cf8e     0x400e build/default/production/_ext/1358603075/ES_TattleTale.o
 .debug_str     0x0000000000010f9c     0x3f2f build/default/production/_ext/1358603075/ES_Timers.o
 .debug_str     0x0000000000014ecb     0x3d90 build/default/production/_ext/1358603075/IO_Ports.o
 .debug_str     0x0000000000018c5b     0x3cde build/default/production/_ext/1358603075/LED.o
 .debug_str     0x000000000001c939     0x3d2f build/default/production/_ext/1358603075/RC_Servo.o
 .debug_str     0x0000000000020668     0x3e0b build/default/production/_ext/1358603075/pwm.o
 .debug_str     0x0000000000024473     0x3d28 build/default/production/_ext/1358603075/roach.o
 .debug_str     0x000000000002819b     0x3cca build/default/production/_ext/1358603075/serial.o
 .debug_str     0x000000000002be65     0x3c9c build/default/production/_ext/1358603075/timers.o
 .debug_str     0x000000000002fb01      0x596 build/default/production/_ext/2036589742/TemplateEventChecker.o
 .debug_str     0x0000000000030097      0x76b build/default/production/_ext/2036589742/TemplateFSM.o
 .debug_str     0x0000000000030802      0x73e build/default/production/_ext/2036589742/TemplateService.o
 .debug_str     0x0000000000030f40      0x635 build/default/production/_ext/2036589742/TemplateSubHSM.o
 .debug_str     0x0000000000031575     0x4073 build/default/production/_ext/2036589742/FindGoalieSub.o
 .debug_str     0x00000000000355e8     0x4073 build/default/production/_ext/1358603075/EventChecker.o
 .debug_str     0x000000000003965b     0x3e0b build/default/production/_ext/1358603075/MotorDriver.o
 .debug_str     0x000000000003d466     0x402f build/default/production/_ext/2036589742/HitSub.o
 .debug_str     0x0000000000041495     0x3d8b build/default/production/_ext/1358603075/FlywheelDriver.o
 .debug_str     0x0000000000045220     0x4011 build/default/production/_ext/1358603075/ShootSub.o
 .debug_str     0x0000000000049231     0x4007 build/default/production/_ext/1358603075/HSM.o
 .debug_str     0x000000000004d238     0x3d7a build/default/production/_ext/2036589742/ES_Main.o
 .debug_str     0x0000000000050fb2     0x3fed build/default/production/_ext/1358603075/AimSub.o
 .debug_str     0x0000000000054f9f     0x4058 build/default/production/_ext/1358603075/GoHomeSub.o
 .debug_str     0x0000000000058ff7      0x31c c:/program files/microchip/xc32/v3.01/bin/bin/../../lib/gcc/pic32mx/8.3.1\libgcc.a(floatunsisf.o)
 .debug_str     0x0000000000059313      0x3b3 c:/program files/microchip/xc32/v3.01/bin/bin/../../lib/gcc/pic32mx/8.3.1/../../../../pic32mx/lib\libpic32.a(default-bootstrap-exception-handler.o)
 .debug_str     0x00000000000596c6      0x38d c:/program files/microchip/xc32/v3.01/bin/bin/../../lib/gcc/pic32mx/8.3.1/../../../../pic32mx/lib\libpic32.a(default-on-reset.o)
 .debug_str     0x0000000000059a53      0x395 c:/program files/microchip/xc32/v3.01/bin/bin/../../lib/gcc/pic32mx/8.3.1/../../../../pic32mx/lib\libpic32.a(default-on-bootstrap.o)
 .debug_str     0x0000000000059de8      0x3af c:/program files/microchip/xc32/v3.01/bin/bin/../../lib/gcc/pic32mx/8.3.1/../../../../pic32mx/lib\libpic32.a(default-general-exception-handler.o)
 .debug_str     0x000000000005a197      0x3a7 c:/program files/microchip/xc32/v3.01/bin/bin/../../lib/gcc/pic32mx/8.3.1/../../../../pic32mx/lib\libpic32.a(defaultinterrupt.o)
 .debug_str     0x000000000005a53e      0x4e3 c:/program files/microchip/xc32/v3.01/bin/bin/../../lib/gcc/pic32mx/8.3.1\libgcc.a(_udivdi3.o)
 .debug_str     0x000000000005aa21      0x4e3 c:/program files/microchip/xc32/v3.01/bin/bin/../../lib/gcc/pic32mx/8.3.1\libgcc.a(_umoddi3.o)
 .debug_str     0x000000000005af04      0x388 c:/program files/microchip/xc32/v3.01/bin/bin/../../lib/gcc/pic32mx/8.3.1/../../../../pic32mx/lib\libpic32.a(_mon_write.o)

.debug_loc      0x0000000000000000     0x15cc
 *(.debug_loc)
 .debug_loc     0x0000000000000000       0x84 c:/program files/microchip/xc32/v3.01/bin/bin/../../lib/gcc/pic32mx/8.3.1\libgcc.a(floatunsisf.o)
 .debug_loc     0x0000000000000084       0x2c c:/program files/microchip/xc32/v3.01/bin/bin/../../lib/gcc/pic32mx/8.3.1/../../../../pic32mx/lib\libpic32.a(default-bootstrap-exception-handler.o)
 .debug_loc     0x00000000000000b0       0x2c c:/program files/microchip/xc32/v3.01/bin/bin/../../lib/gcc/pic32mx/8.3.1/../../../../pic32mx/lib\libpic32.a(default-general-exception-handler.o)
 .debug_loc     0x00000000000000dc      0xb5b c:/program files/microchip/xc32/v3.01/bin/bin/../../lib/gcc/pic32mx/8.3.1\libgcc.a(_udivdi3.o)
 .debug_loc     0x0000000000000c37      0x969 c:/program files/microchip/xc32/v3.01/bin/bin/../../lib/gcc/pic32mx/8.3.1\libgcc.a(_umoddi3.o)
 .debug_loc     0x00000000000015a0       0x2c c:/program files/microchip/xc32/v3.01/bin/bin/../../lib/gcc/pic32mx/8.3.1/../../../../pic32mx/lib\libpic32.a(_mon_write.o)

.debug_macinfo
 *(.debug_macinfo)

.debug_weaknames
 *(.debug_weaknames)

.debug_funcnames
 *(.debug_funcnames)

.debug_typenames
 *(.debug_typenames)

.debug_varnames
 *(.debug_varnames)

.debug_pubtypes
 *(.debug_pubtypes)

.debug_ranges   0x0000000000000000      0x1d0
 *(.debug_ranges)
 .debug_ranges  0x0000000000000000       0x10 c:/program files/microchip/xc32/v3.01/bin/bin/../../lib/gcc/pic32mx/8.3.1/../../../../pic32mx/lib\libpic32.a(default-bootstrap-exception-handler.o)
 .debug_ranges  0x0000000000000010       0x10 c:/program files/microchip/xc32/v3.01/bin/bin/../../lib/gcc/pic32mx/8.3.1/../../../../pic32mx/lib\libpic32.a(default-on-reset.o)
 .debug_ranges  0x0000000000000020       0x10 c:/program files/microchip/xc32/v3.01/bin/bin/../../lib/gcc/pic32mx/8.3.1/../../../../pic32mx/lib\libpic32.a(default-on-bootstrap.o)
 .debug_ranges  0x0000000000000030       0x10 c:/program files/microchip/xc32/v3.01/bin/bin/../../lib/gcc/pic32mx/8.3.1/../../../../pic32mx/lib\libpic32.a(default-general-exception-handler.o)
 .debug_ranges  0x0000000000000040       0x10 c:/program files/microchip/xc32/v3.01/bin/bin/../../lib/gcc/pic32mx/8.3.1/../../../../pic32mx/lib\libpic32.a(defaultinterrupt.o)
 .debug_ranges  0x0000000000000050       0xd0 c:/program files/microchip/xc32/v3.01/bin/bin/../../lib/gcc/pic32mx/8.3.1\libgcc.a(_udivdi3.o)
 .debug_ranges  0x0000000000000120       0xa0 c:/program files/microchip/xc32/v3.01/bin/bin/../../lib/gcc/pic32mx/8.3.1\libgcc.a(_umoddi3.o)
 .debug_ranges  0x00000000000001c0       0x10 c:/program files/microchip/xc32/v3.01/bin/bin/../../lib/gcc/pic32mx/8.3.1/../../../../pic32mx/lib\libpic32.a(_mon_write.o)

.gnu.attributes
                0x0000000000000000       0x10
 *(.gnu.attributes)
 .gnu.attributes
                0x0000000000000000       0x10 c:/program files/microchip/xc32/v3.01/bin/bin/../../lib/gcc/pic32mx/8.3.1/../../../../pic32mx/lib\debug-exception-return.o
 .gnu.attributes
                0x0000000000000010       0x10 build/default/production/_ext/1358603075/AD.o
 .gnu.attributes
                0x0000000000000020       0x10 build/default/production/_ext/1358603075/BOARD.o
 .gnu.attributes
                0x0000000000000030       0x10 build/default/production/_ext/1358603075/ES_CheckEvents.o
 .gnu.attributes
                0x0000000000000040       0x10 build/default/production/_ext/1358603075/ES_Framework.o
 .gnu.attributes
                0x0000000000000050       0x10 build/default/production/_ext/1358603075/ES_KeyboardInput.o
 .gnu.attributes
                0x0000000000000060       0x10 build/default/production/_ext/1358603075/ES_PostList.o
 .gnu.attributes
                0x0000000000000070       0x10 build/default/production/_ext/1358603075/ES_Queue.o
 .gnu.attributes
                0x0000000000000080       0x10 build/default/production/_ext/1358603075/ES_TattleTale.o
 .gnu.attributes
                0x0000000000000090       0x10 build/default/production/_ext/1358603075/ES_Timers.o
 .gnu.attributes
                0x00000000000000a0       0x10 build/default/production/_ext/1358603075/IO_Ports.o
 .gnu.attributes
                0x00000000000000b0       0x10 build/default/production/_ext/1358603075/LED.o
 .gnu.attributes
                0x00000000000000c0       0x10 build/default/production/_ext/1358603075/RC_Servo.o
 .gnu.attributes
                0x00000000000000d0       0x10 build/default/production/_ext/1358603075/pwm.o
 .gnu.attributes
                0x00000000000000e0       0x10 build/default/production/_ext/1358603075/roach.o
 .gnu.attributes
                0x00000000000000f0       0x10 build/default/production/_ext/1358603075/serial.o
 .gnu.attributes
                0x0000000000000100       0x10 build/default/production/_ext/1358603075/timers.o
 .gnu.attributes
                0x0000000000000110       0x10 build/default/production/_ext/2036589742/TemplateEventChecker.o
 .gnu.attributes
                0x0000000000000120       0x10 build/default/production/_ext/2036589742/TemplateFSM.o
 .gnu.attributes
                0x0000000000000130       0x10 build/default/production/_ext/2036589742/TemplateService.o
 .gnu.attributes
                0x0000000000000140       0x10 build/default/production/_ext/2036589742/TemplateSubHSM.o
 .gnu.attributes
                0x0000000000000150       0x10 build/default/production/_ext/2036589742/FindGoalieSub.o
 .gnu.attributes
                0x0000000000000160       0x10 build/default/production/_ext/1358603075/EventChecker.o
 .gnu.attributes
                0x0000000000000170       0x10 build/default/production/_ext/1358603075/MotorDriver.o
 .gnu.attributes
                0x0000000000000180       0x10 build/default/production/_ext/2036589742/HitSub.o
 .gnu.attributes
                0x0000000000000190       0x10 build/default/production/_ext/1358603075/FlywheelDriver.o
 .gnu.attributes
                0x00000000000001a0       0x10 build/default/production/_ext/1358603075/ShootSub.o
 .gnu.attributes
                0x00000000000001b0       0x10 build/default/production/_ext/1358603075/HSM.o
 .gnu.attributes
                0x00000000000001c0       0x10 build/default/production/_ext/2036589742/ES_Main.o
 .gnu.attributes
                0x00000000000001d0       0x10 build/default/production/_ext/1358603075/AimSub.o
 .gnu.attributes
                0x00000000000001e0       0x10 build/default/production/_ext/1358603075/GoHomeSub.o
 .gnu.attributes
                0x00000000000001f0       0x10 C:\Users\eadra\AppData\Local\Temp\ccD4jh0C.o
 .gnu.attributes
                0x0000000000000200       0x10 C:\Users\eadra\AppData\Local\Temp\ccM0y57b.o
 .gnu.attributes
                0x0000000000000210       0x10 C:\Users\eadra\AppData\Local\Temp\ccp6QKz0.o
 .gnu.attributes
                0x0000000000000220       0x10 c:/program files/microchip/xc32/v3.01/bin/bin/../../lib/gcc/pic32mx/8.3.1/../../../../pic32mx/lib\pic32_software_reset.o
 .gnu.attributes
                0x0000000000000230       0x10 c:/program files/microchip/xc32/v3.01/bin/bin/../../lib/gcc/pic32mx/8.3.1\libgcc.a(floatunsisf.o)
 .gnu.attributes
                0x0000000000000240       0x10 c:/program files/microchip/xc32/v3.01/bin/bin/../../lib/gcc/pic32mx/8.3.1/../../../../pic32mx/lib\libpic32.a(default-bootstrap-exception-handler.o)
 .gnu.attributes
                0x0000000000000250       0x10 c:/program files/microchip/xc32/v3.01/bin/bin/../../lib/gcc/pic32mx/8.3.1/../../../../pic32mx/lib\libpic32.a(default-on-reset.o)
 .gnu.attributes
                0x0000000000000260       0x10 c:/program files/microchip/xc32/v3.01/bin/bin/../../lib/gcc/pic32mx/8.3.1/../../../../pic32mx/lib\libpic32.a(default-on-bootstrap.o)
 .gnu.attributes
                0x0000000000000270       0x10 c:/program files/microchip/xc32/v3.01/bin/bin/../../lib/gcc/pic32mx/8.3.1/../../../../pic32mx/lib\libpic32.a(default-nmi-handler.o)
 .gnu.attributes
                0x0000000000000280       0x10 c:/program files/microchip/xc32/v3.01/bin/bin/../../lib/gcc/pic32mx/8.3.1/../../../../pic32mx/lib\libpic32.a(pic32_data_init.o)
 .gnu.attributes
                0x0000000000000290       0x10 c:/program files/microchip/xc32/v3.01/bin/bin/../../lib/gcc/pic32mx/8.3.1/../../../../pic32mx/lib\libpic32.a(general-exception.o)
 .gnu.attributes
                0x00000000000002a0       0x10 c:/program files/microchip/xc32/v3.01/bin/bin/../../lib/gcc/pic32mx/8.3.1/../../../../pic32mx/lib\libpic32.a(vector0.o)
 .gnu.attributes
                0x00000000000002b0       0x10 c:/program files/microchip/xc32/v3.01/bin/bin/../../lib/gcc/pic32mx/8.3.1/../../../../pic32mx/lib\libpic32.a(vector1.o)
 .gnu.attributes
                0x00000000000002c0       0x10 c:/program files/microchip/xc32/v3.01/bin/bin/../../lib/gcc/pic32mx/8.3.1/../../../../pic32mx/lib\libpic32.a(vector2.o)
 .gnu.attributes
                0x00000000000002d0       0x10 c:/program files/microchip/xc32/v3.01/bin/bin/../../lib/gcc/pic32mx/8.3.1/../../../../pic32mx/lib\libpic32.a(vector3.o)
 .gnu.attributes
                0x00000000000002e0       0x10 c:/program files/microchip/xc32/v3.01/bin/bin/../../lib/gcc/pic32mx/8.3.1/../../../../pic32mx/lib\libpic32.a(vector5.o)
 .gnu.attributes
                0x00000000000002f0       0x10 c:/program files/microchip/xc32/v3.01/bin/bin/../../lib/gcc/pic32mx/8.3.1/../../../../pic32mx/lib\libpic32.a(vector6.o)
 .gnu.attributes
                0x0000000000000300       0x10 c:/program files/microchip/xc32/v3.01/bin/bin/../../lib/gcc/pic32mx/8.3.1/../../../../pic32mx/lib\libpic32.a(vector7.o)
 .gnu.attributes
                0x0000000000000310       0x10 c:/program files/microchip/xc32/v3.01/bin/bin/../../lib/gcc/pic32mx/8.3.1/../../../../pic32mx/lib\libpic32.a(vector8.o)
 .gnu.attributes
                0x0000000000000320       0x10 c:/program files/microchip/xc32/v3.01/bin/bin/../../lib/gcc/pic32mx/8.3.1/../../../../pic32mx/lib\libpic32.a(vector9.o)
 .gnu.attributes
                0x0000000000000330       0x10 c:/program files/microchip/xc32/v3.01/bin/bin/../../lib/gcc/pic32mx/8.3.1/../../../../pic32mx/lib\libpic32.a(vector10.o)
 .gnu.attributes
                0x0000000000000340       0x10 c:/program files/microchip/xc32/v3.01/bin/bin/../../lib/gcc/pic32mx/8.3.1/../../../../pic32mx/lib\libpic32.a(vector11.o)
 .gnu.attributes
                0x0000000000000350       0x10 c:/program files/microchip/xc32/v3.01/bin/bin/../../lib/gcc/pic32mx/8.3.1/../../../../pic32mx/lib\libpic32.a(vector12.o)
 .gnu.attributes
                0x0000000000000360       0x10 c:/program files/microchip/xc32/v3.01/bin/bin/../../lib/gcc/pic32mx/8.3.1/../../../../pic32mx/lib\libpic32.a(vector13.o)
 .gnu.attributes
                0x0000000000000370       0x10 c:/program files/microchip/xc32/v3.01/bin/bin/../../lib/gcc/pic32mx/8.3.1/../../../../pic32mx/lib\libpic32.a(vector14.o)
 .gnu.attributes
                0x0000000000000380       0x10 c:/program files/microchip/xc32/v3.01/bin/bin/../../lib/gcc/pic32mx/8.3.1/../../../../pic32mx/lib\libpic32.a(vector15.o)
 .gnu.attributes
                0x0000000000000390       0x10 c:/program files/microchip/xc32/v3.01/bin/bin/../../lib/gcc/pic32mx/8.3.1/../../../../pic32mx/lib\libpic32.a(vector17.o)
 .gnu.attributes
                0x00000000000003a0       0x10 c:/program files/microchip/xc32/v3.01/bin/bin/../../lib/gcc/pic32mx/8.3.1/../../../../pic32mx/lib\libpic32.a(vector18.o)
 .gnu.attributes
                0x00000000000003b0       0x10 c:/program files/microchip/xc32/v3.01/bin/bin/../../lib/gcc/pic32mx/8.3.1/../../../../pic32mx/lib\libpic32.a(vector19.o)
 .gnu.attributes
                0x00000000000003c0       0x10 c:/program files/microchip/xc32/v3.01/bin/bin/../../lib/gcc/pic32mx/8.3.1/../../../../pic32mx/lib\libpic32.a(vector21.o)
 .gnu.attributes
                0x00000000000003d0       0x10 c:/program files/microchip/xc32/v3.01/bin/bin/../../lib/gcc/pic32mx/8.3.1/../../../../pic32mx/lib\libpic32.a(vector22.o)
 .gnu.attributes
                0x00000000000003e0       0x10 c:/program files/microchip/xc32/v3.01/bin/bin/../../lib/gcc/pic32mx/8.3.1/../../../../pic32mx/lib\libpic32.a(vector23.o)
 .gnu.attributes